../Core/Src/main.c:85:5:main	16	static
../Core/Src/main.c:152:6:SystemClock_Config	112	static
../Core/Src/main.c:201:13:MX_I2C2_Init	8	static
../Core/Src/main.c:249:13:MX_SPI2_Init	8	static
../Core/Src/main.c:289:13:MX_TSC_Init	8	static
../Core/Src/main.c:332:13:MX_USART1_UART_Init	8	static
../Core/Src/main.c:367:13:MX_USART4_UART_Init	8	static
../Core/Src/main.c:402:13:MX_USB_PCD_Init	8	static
../Core/Src/main.c:434:13:MX_GPIO_Init	48	static
../Core/Src/main.c:477:6:HAL_UART_RxCpltCallback	16	static
../Core/Src/main.c:500:6:Error_Handler	8	static,ignoring_inline_asm
