../Core/Src/main.c:97:5:main	24	static
../Core/Src/main.c:188:6:SystemClock_Config	112	static
../Core/Src/main.c:236:13:MX_I2C2_Init	8	static
../Core/Src/main.c:284:13:MX_SPI2_Init	8	static
../Core/Src/main.c:324:13:MX_TSC_Init	8	static
../Core/Src/main.c:367:13:MX_USART3_UART_Init	8	static
../Core/Src/main.c:402:13:MX_USB_PCD_Init	8	static
../Core/Src/main.c:434:13:MX_GPIO_Init	48	static
../Core/Src/main.c:485:6:StartBlink01	16	static
../Core/Src/main.c:504:6:StartBlink02	16	static
../Core/Src/main.c:520:6:Error_Handler	8	static,ignoring_inline_asm
