17:40:18 **** Incremental Build of configuration Debug for project AgoraVai ****
make -j8 all 
arm-none-eabi-gcc "../Core/Src/main.c" -mcpu=cortex-m0 -std=gnu11 -g3 -DDEBUG -DUSE_HAL_DRIVER -DSTM32F072xB -c -I../Core/Inc -I../Drivers/STM32F0xx_HAL_Driver/Inc -I../Drivers/STM32F0xx_HAL_Driver/Inc/Legacy -I../Drivers/CMSIS/Device/ST/STM32F0xx/Include -I../Drivers/CMSIS/Include -O0 -ffunction-sections -fdata-sections -Wall -fstack-usage -fcyclomatic-complexity -MMD -MP -MF"Core/Src/main.d" -MT"Core/Src/main.o" --specs=nano.specs -mfloat-abi=soft -mthumb -o "Core/Src/main.o"
arm-none-eabi-gcc -o "AgoraVai.elf" @"objects.list"   -mcpu=cortex-m0 -T"C:\Users\pedro\STM32CubeIDE\workspace_1.13.1\AgoraVai\STM32F072RBTX_FLASH.ld" --specs=nosys.specs -Wl,-Map="AgoraVai.map" -Wl,--gc-sections -static --specs=nano.specs -mfloat-abi=soft -mthumb -Wl,--start-group -lc -lm -Wl,--end-group
Finished building target: AgoraVai.elf
 
arm-none-eabi-size   AgoraVai.elf 
arm-none-eabi-objdump -h -S  AgoraVai.elf  > "AgoraVai.list"
   text	   data	    bss	    dec	    hex	filename
  14592	     20	   2964	  17576	   44a8	AgoraVai.elf
Finished building: default.size.stdout
 
Finished building: AgoraVai.list
 

17:40:19 Build Finished. 0 errors, 0 warnings. (took 1s.508ms)

