17:48:58 **** Incremental Build of configuration Debug for project Multitarefas ****
make -j8 all 
arm-none-eabi-size   Multitarefas.elf 
   text	   data	    bss	    dec	    hex	filename
  16408	     24	   7096	  23528	   5be8	Multitarefas.elf
Finished building: default.size.stdout
 
17:51:53 **** Incremental Build of configuration Debug for project Multitarefas ****
make -j8 all 
arm-none-eabi-gcc "../Core/Src/main.c" -mcpu=cortex-m0 -std=gnu11 -g3 -DDEBUG -DUSE_HAL_DRIVER -DSTM32F072xB -c -I../Core/Inc -I../Drivers/STM32F0xx_HAL_Driver/Inc -I../Drivers/STM32F0xx_HAL_Driver/Inc/Legacy -I../Drivers/CMSIS/Device/ST/STM32F0xx/Include -I../Drivers/CMSIS/Include -I../Middlewares/Third_Party/FreeRTOS/Source/include -I../Middlewares/Third_Party/FreeRTOS/Source/CMSIS_RTOS_V2 -I../Middlewares/Third_Party/FreeRTOS/Source/portable/GCC/ARM_CM0 -O0 -ffunction-sections -fdata-sections -Wall -fstack-usage -fcyclomatic-complexity -MMD -MP -MF"Core/Src/main.d" -MT"Core/Src/main.o" --specs=nano.specs -mfloat-abi=soft -mthumb -o "Core/Src/main.o"
../Core/Src/main.c: In function 'main':
../Core/Src/main.c:172:41: warning: implicit declaration of function 'dtrlrn' [-Wimplicit-function-declaration]
  172 |          HAL_UART_Receive(&huart1, buf, dtrlrn((char*)buf), HAL_MAX_DELAY);
      |                                         ^~~~~~
../Core/Src/main.c:173:10: warning: implicit declaration of function 'HAL_DELAY'; did you mean 'HAL_Delay'? [-Wimplicit-function-declaration]
  173 |          HAL_DELAY(500);
      |          ^~~~~~~~~
      |          HAL_Delay
arm-none-eabi-gcc -o "Multitarefas.elf" @"objects.list"   -mcpu=cortex-m0 -T"C:\Users\pedro\STM32CubeIDE\workspace_1.13.1\Multitarefas\STM32F072RBTX_FLASH.ld" --specs=nosys.specs -Wl,-Map="Multitarefas.map" -Wl,--gc-sections -static --specs=nano.specs -mfloat-abi=soft -mthumb -Wl,--start-group -lc -lm -Wl,--end-group
C:/ST/STM32CubeIDE_1.13.1/STM32CubeIDE/plugins/com.st.stm32cube.ide.mcu.externaltools.gnu-tools-for-stm32.11.3.rel1.win32_1.1.0.202305231506/tools/bin/../lib/gcc/arm-none-eabi/11.3.1/../../../../arm-none-eabi/bin/ld.exe: ./Core/Src/main.o: in function `main':
C:/Users/pedro/STM32CubeIDE/workspace_1.13.1/Multitarefas/Debug/../Core/Src/main.c:172: undefined reference to `dtrlrn'
C:/ST/STM32CubeIDE_1.13.1/STM32CubeIDE/plugins/com.st.stm32cube.ide.mcu.externaltools.gnu-tools-for-stm32.11.3.rel1.win32_1.1.0.202305231506/tools/bin/../lib/gcc/arm-none-eabi/11.3.1/../../../../arm-none-eabi/bin/ld.exe: C:/Users/pedro/STM32CubeIDE/workspace_1.13.1/Multitarefas/Debug/../Core/Src/main.c:173: undefined reference to `HAL_DELAY'
collect2.exe: error: ld returned 1 exit status
make: *** [makefile:68: Multitarefas.elf] Error 1
"make -j8 all" terminated with exit code 2. Build might be incomplete.
17:52:26 **** Incremental Build of configuration Debug for project Multitarefas ****
make -j8 all 
arm-none-eabi-gcc "../Core/Src/main.c" -mcpu=cortex-m0 -std=gnu11 -g3 -DDEBUG -DUSE_HAL_DRIVER -DSTM32F072xB -c -I../Core/Inc -I../Drivers/STM32F0xx_HAL_Driver/Inc -I../Drivers/STM32F0xx_HAL_Driver/Inc/Legacy -I../Drivers/CMSIS/Device/ST/STM32F0xx/Include -I../Drivers/CMSIS/Include -I../Middlewares/Third_Party/FreeRTOS/Source/include -I../Middlewares/Third_Party/FreeRTOS/Source/CMSIS_RTOS_V2 -I../Middlewares/Third_Party/FreeRTOS/Source/portable/GCC/ARM_CM0 -O0 -ffunction-sections -fdata-sections -Wall -fstack-usage -fcyclomatic-complexity -MMD -MP -MF"Core/Src/main.d" -MT"Core/Src/main.o" --specs=nano.specs -mfloat-abi=soft -mthumb -o "Core/Src/main.o"
../Core/Src/main.c: In function 'main':
../Core/Src/main.c:172:41: warning: implicit declaration of function 'strlen' [-Wimplicit-function-declaration]
  172 |          HAL_UART_Receive(&huart1, buf, strlen((char*)buf), HAL_MAX_DELAY);
      |                                         ^~~~~~
../Core/Src/main.c:22:1: note: include '<string.h>' or provide a declaration of 'strlen'
   21 | #include "cmsis_os.h"
  +++ |+#include <string.h>
   22 | 
../Core/Src/main.c:172:41: warning: incompatible implicit declaration of built-in function 'strlen' [-Wbuiltin-declaration-mismatch]
  172 |          HAL_UART_Receive(&huart1, buf, strlen((char*)buf), HAL_MAX_DELAY);
      |                                         ^~~~~~
../Core/Src/main.c:172:41: note: include '<string.h>' or provide a declaration of 'strlen'
../Core/Src/main.c:173:10: warning: implicit declaration of function 'HAL_DELAY'; did you mean 'HAL_Delay'? [-Wimplicit-function-declaration]
  173 |          HAL_DELAY(500);
      |          ^~~~~~~~~
      |          HAL_Delay
arm-none-eabi-gcc -o "Multitarefas.elf" @"objects.list"   -mcpu=cortex-m0 -T"C:\Users\pedro\STM32CubeIDE\workspace_1.13.1\Multitarefas\STM32F072RBTX_FLASH.ld" --specs=nosys.specs -Wl,-Map="Multitarefas.map" -Wl,--gc-sections -static --specs=nano.specs -mfloat-abi=soft -mthumb -Wl,--start-group -lc -lm -Wl,--end-group
C:/ST/STM32CubeIDE_1.13.1/STM32CubeIDE/plugins/com.st.stm32cube.ide.mcu.externaltools.gnu-tools-for-stm32.11.3.rel1.win32_1.1.0.202305231506/tools/bin/../lib/gcc/arm-none-eabi/11.3.1/../../../../arm-none-eabi/bin/ld.exe: ./Core/Src/main.o: in function `main':
C:/Users/pedro/STM32CubeIDE/workspace_1.13.1/Multitarefas/Debug/../Core/Src/main.c:173: undefined reference to `HAL_DELAY'
collect2.exe: error: ld returned 1 exit status
make: *** [makefile:68: Multitarefas.elf] Error 1
"make -j8 all" terminated with exit code 2. Build might be incomplete.
17:53:22 **** Incremental Build of configuration Debug for project Multitarefas ****
make -j8 all 
arm-none-eabi-gcc "../Core/Src/main.c" -mcpu=cortex-m0 -std=gnu11 -g3 -DDEBUG -DUSE_HAL_DRIVER -DSTM32F072xB -c -I../Core/Inc -I../Drivers/STM32F0xx_HAL_Driver/Inc -I../Drivers/STM32F0xx_HAL_Driver/Inc/Legacy -I../Drivers/CMSIS/Device/ST/STM32F0xx/Include -I../Drivers/CMSIS/Include -I../Middlewares/Third_Party/FreeRTOS/Source/include -I../Middlewares/Third_Party/FreeRTOS/Source/CMSIS_RTOS_V2 -I../Middlewares/Third_Party/FreeRTOS/Source/portable/GCC/ARM_CM0 -O0 -ffunction-sections -fdata-sections -Wall -fstack-usage -fcyclomatic-complexity -MMD -MP -MF"Core/Src/main.d" -MT"Core/Src/main.o" --specs=nano.specs -mfloat-abi=soft -mthumb -o "Core/Src/main.o"
../Core/Src/main.c: In function 'main':
../Core/Src/main.c:172:41: warning: implicit declaration of function 'strlen' [-Wimplicit-function-declaration]
  172 |          HAL_UART_Receive(&huart1, buf, strlen((char*)buf), HAL_MAX_DELAY);
      |                                         ^~~~~~
../Core/Src/main.c:22:1: note: include '<string.h>' or provide a declaration of 'strlen'
   21 | #include "cmsis_os.h"
  +++ |+#include <string.h>
   22 | 
../Core/Src/main.c:172:41: warning: incompatible implicit declaration of built-in function 'strlen' [-Wbuiltin-declaration-mismatch]
  172 |          HAL_UART_Receive(&huart1, buf, strlen((char*)buf), HAL_MAX_DELAY);
      |                                         ^~~~~~
../Core/Src/main.c:172:41: note: include '<string.h>' or provide a declaration of 'strlen'
arm-none-eabi-gcc -o "Multitarefas.elf" @"objects.list"   -mcpu=cortex-m0 -T"C:\Users\pedro\STM32CubeIDE\workspace_1.13.1\Multitarefas\STM32F072RBTX_FLASH.ld" --specs=nosys.specs -Wl,-Map="Multitarefas.map" -Wl,--gc-sections -static --specs=nano.specs -mfloat-abi=soft -mthumb -Wl,--start-group -lc -lm -Wl,--end-group
Finished building target: Multitarefas.elf
 
arm-none-eabi-size   Multitarefas.elf 
arm-none-eabi-objdump -h -S  Multitarefas.elf  > "Multitarefas.list"
   text	   data	    bss	    dec	    hex	filename
  21584	     24	   9184	  30792	   7848	Multitarefas.elf
Finished building: default.size.stdout
 
Finished building: Multitarefas.list
 
17:55:53 **** Incremental Build of configuration Debug for project Multitarefas ****
make -j8 all 
arm-none-eabi-gcc "../Core/Src/main.c" -mcpu=cortex-m0 -std=gnu11 -g3 -DDEBUG -DUSE_HAL_DRIVER -DSTM32F072xB -c -I../Core/Inc -I../Drivers/STM32F0xx_HAL_Driver/Inc -I../Drivers/STM32F0xx_HAL_Driver/Inc/Legacy -I../Drivers/CMSIS/Device/ST/STM32F0xx/Include -I../Drivers/CMSIS/Include -I../Middlewares/Third_Party/FreeRTOS/Source/include -I../Middlewares/Third_Party/FreeRTOS/Source/CMSIS_RTOS_V2 -I../Middlewares/Third_Party/FreeRTOS/Source/portable/GCC/ARM_CM0 -O0 -ffunction-sections -fdata-sections -Wall -fstack-usage -fcyclomatic-complexity -MMD -MP -MF"Core/Src/main.d" -MT"Core/Src/main.o" --specs=nano.specs -mfloat-abi=soft -mthumb -o "Core/Src/main.o"
arm-none-eabi-gcc -o "Multitarefas.elf" @"objects.list"   -mcpu=cortex-m0 -T"C:\Users\pedro\STM32CubeIDE\workspace_1.13.1\Multitarefas\STM32F072RBTX_FLASH.ld" --specs=nosys.specs -Wl,-Map="Multitarefas.map" -Wl,--gc-sections -static --specs=nano.specs -mfloat-abi=soft -mthumb -Wl,--start-group -lc -lm -Wl,--end-group
Finished building target: Multitarefas.elf
 
arm-none-eabi-size   Multitarefas.elf 
arm-none-eabi-objdump -h -S  Multitarefas.elf  > "Multitarefas.list"
   text	   data	    bss	    dec	    hex	filename
  21584	     24	   9184	  30792	   7848	Multitarefas.elf
Finished building: default.size.stdout
 
Finished building: Multitarefas.list
 
17:56:32 **** Incremental Build of configuration Debug for project Multitarefas ****
make -j8 all 
arm-none-eabi-gcc "../Core/Src/main.c" -mcpu=cortex-m0 -std=gnu11 -g3 -DDEBUG -DUSE_HAL_DRIVER -DSTM32F072xB -c -I../Core/Inc -I../Drivers/STM32F0xx_HAL_Driver/Inc -I../Drivers/STM32F0xx_HAL_Driver/Inc/Legacy -I../Drivers/CMSIS/Device/ST/STM32F0xx/Include -I../Drivers/CMSIS/Include -I../Middlewares/Third_Party/FreeRTOS/Source/include -I../Middlewares/Third_Party/FreeRTOS/Source/CMSIS_RTOS_V2 -I../Middlewares/Third_Party/FreeRTOS/Source/portable/GCC/ARM_CM0 -O0 -ffunction-sections -fdata-sections -Wall -fstack-usage -fcyclomatic-complexity -MMD -MP -MF"Core/Src/main.d" -MT"Core/Src/main.o" --specs=nano.specs -mfloat-abi=soft -mthumb -o "Core/Src/main.o"
arm-none-eabi-gcc -o "Multitarefas.elf" @"objects.list"   -mcpu=cortex-m0 -T"C:\Users\pedro\STM32CubeIDE\workspace_1.13.1\Multitarefas\STM32F072RBTX_FLASH.ld" --specs=nosys.specs -Wl,-Map="Multitarefas.map" -Wl,--gc-sections -static --specs=nano.specs -mfloat-abi=soft -mthumb -Wl,--start-group -lc -lm -Wl,--end-group
Finished building target: Multitarefas.elf
 
arm-none-eabi-size   Multitarefas.elf 
arm-none-eabi-objdump -h -S  Multitarefas.elf  > "Multitarefas.list"
   text	   data	    bss	    dec	    hex	filename
  16408	     24	   7096	  23528	   5be8	Multitarefas.elf
Finished building: default.size.stdout
 
Finished building: Multitarefas.list
 
17:59:31 **** Incremental Build of configuration Debug for project Multitarefas ****
make -j8 all 
arm-none-eabi-size   Multitarefas.elf 
   text	   data	    bss	    dec	    hex	filename
  16408	     24	   7096	  23528	   5be8	Multitarefas.elf
Finished building: default.size.stdout
 
18:00:00 **** Incremental Build of configuration Debug for project Multitarefas ****
make -j8 all 
arm-none-eabi-size   Multitarefas.elf 
   text	   data	    bss	    dec	    hex	filename
  16408	     24	   7096	  23528	   5be8	Multitarefas.elf
Finished building: default.size.stdout
 
18:04:30 **** Incremental Build of configuration Debug for project Multitarefas ****
make -j8 all 
arm-none-eabi-gcc "../Core/Src/main.c" -mcpu=cortex-m0 -std=gnu11 -g3 -DDEBUG -DUSE_HAL_DRIVER -DSTM32F072xB -c -I../Core/Inc -I../Drivers/STM32F0xx_HAL_Driver/Inc -I../Drivers/STM32F0xx_HAL_Driver/Inc/Legacy -I../Drivers/CMSIS/Device/ST/STM32F0xx/Include -I../Drivers/CMSIS/Include -I../Middlewares/Third_Party/FreeRTOS/Source/include -I../Middlewares/Third_Party/FreeRTOS/Source/CMSIS_RTOS_V2 -I../Middlewares/Third_Party/FreeRTOS/Source/portable/GCC/ARM_CM0 -O0 -ffunction-sections -fdata-sections -Wall -fstack-usage -fcyclomatic-complexity -MMD -MP -MF"Core/Src/main.d" -MT"Core/Src/main.o" --specs=nano.specs -mfloat-abi=soft -mthumb -o "Core/Src/main.o"
arm-none-eabi-gcc "../Core/Src/stm32f0xx_hal_msp.c" -mcpu=cortex-m0 -std=gnu11 -g3 -DDEBUG -DUSE_HAL_DRIVER -DSTM32F072xB -c -I../Core/Inc -I../Drivers/STM32F0xx_HAL_Driver/Inc -I../Drivers/STM32F0xx_HAL_Driver/Inc/Legacy -I../Drivers/CMSIS/Device/ST/STM32F0xx/Include -I../Drivers/CMSIS/Include -I../Middlewares/Third_Party/FreeRTOS/Source/include -I../Middlewares/Third_Party/FreeRTOS/Source/CMSIS_RTOS_V2 -I../Middlewares/Third_Party/FreeRTOS/Source/portable/GCC/ARM_CM0 -O0 -ffunction-sections -fdata-sections -Wall -fstack-usage -fcyclomatic-complexity -MMD -MP -MF"Core/Src/stm32f0xx_hal_msp.d" -MT"Core/Src/stm32f0xx_hal_msp.o" --specs=nano.specs -mfloat-abi=soft -mthumb -o "Core/Src/stm32f0xx_hal_msp.o"
../Core/Src/main.c: In function 'main':
../Core/Src/main.c:172:41: warning: implicit declaration of function 'strlen' [-Wimplicit-function-declaration]
  172 |          HAL_UART_Receive(&huart3, buf, strlen((char*)buf), HAL_MAX_DELAY);
      |                                         ^~~~~~
../Core/Src/main.c:22:1: note: include '<string.h>' or provide a declaration of 'strlen'
   21 | #include "cmsis_os.h"
  +++ |+#include <string.h>
   22 | 
../Core/Src/main.c:172:41: warning: incompatible implicit declaration of built-in function 'strlen' [-Wbuiltin-declaration-mismatch]
  172 |          HAL_UART_Receive(&huart3, buf, strlen((char*)buf), HAL_MAX_DELAY);
      |                                         ^~~~~~
../Core/Src/main.c:172:41: note: include '<string.h>' or provide a declaration of 'strlen'
arm-none-eabi-gcc -o "Multitarefas.elf" @"objects.list"   -mcpu=cortex-m0 -T"C:\Users\pedro\STM32CubeIDE\workspace_1.13.1\Multitarefas\STM32F072RBTX_FLASH.ld" --specs=nosys.specs -Wl,-Map="Multitarefas.map" -Wl,--gc-sections -static --specs=nano.specs -mfloat-abi=soft -mthumb -Wl,--start-group -lc -lm -Wl,--end-group
Finished building target: Multitarefas.elf
 
arm-none-eabi-size   Multitarefas.elf 
arm-none-eabi-objdump -h -S  Multitarefas.elf  > "Multitarefas.list"
   text	   data	    bss	    dec	    hex	filename
  21568	     24	   9184	  30776	   7838	Multitarefas.elf
Finished building: default.size.stdout
 
Finished building: Multitarefas.list
 
18:05:31 **** Incremental Build of configuration Debug for project Multitarefas ****
make -j8 all 
arm-none-eabi-gcc "../Core/Src/main.c" -mcpu=cortex-m0 -std=gnu11 -g3 -DDEBUG -DUSE_HAL_DRIVER -DSTM32F072xB -c -I../Core/Inc -I../Drivers/STM32F0xx_HAL_Driver/Inc -I../Drivers/STM32F0xx_HAL_Driver/Inc/Legacy -I../Drivers/CMSIS/Device/ST/STM32F0xx/Include -I../Drivers/CMSIS/Include -I../Middlewares/Third_Party/FreeRTOS/Source/include -I../Middlewares/Third_Party/FreeRTOS/Source/CMSIS_RTOS_V2 -I../Middlewares/Third_Party/FreeRTOS/Source/portable/GCC/ARM_CM0 -O0 -ffunction-sections -fdata-sections -Wall -fstack-usage -fcyclomatic-complexity -MMD -MP -MF"Core/Src/main.d" -MT"Core/Src/main.o" --specs=nano.specs -mfloat-abi=soft -mthumb -o "Core/Src/main.o"
arm-none-eabi-gcc -o "Multitarefas.elf" @"objects.list"   -mcpu=cortex-m0 -T"C:\Users\pedro\STM32CubeIDE\workspace_1.13.1\Multitarefas\STM32F072RBTX_FLASH.ld" --specs=nosys.specs -Wl,-Map="Multitarefas.map" -Wl,--gc-sections -static --specs=nano.specs -mfloat-abi=soft -mthumb -Wl,--start-group -lc -lm -Wl,--end-group
Finished building target: Multitarefas.elf
 
arm-none-eabi-size   Multitarefas.elf 
arm-none-eabi-objdump -h -S  Multitarefas.elf  > "Multitarefas.list"
   text	   data	    bss	    dec	    hex	filename
  21568	     24	   9184	  30776	   7838	Multitarefas.elf
Finished building: default.size.stdout
 
Finished building: Multitarefas.list
 
18:06:10 **** Incremental Build of configuration Debug for project Multitarefas ****
make -j8 all 
arm-none-eabi-gcc "../Core/Src/main.c" -mcpu=cortex-m0 -std=gnu11 -g3 -DDEBUG -DUSE_HAL_DRIVER -DSTM32F072xB -c -I../Core/Inc -I../Drivers/STM32F0xx_HAL_Driver/Inc -I../Drivers/STM32F0xx_HAL_Driver/Inc/Legacy -I../Drivers/CMSIS/Device/ST/STM32F0xx/Include -I../Drivers/CMSIS/Include -I../Middlewares/Third_Party/FreeRTOS/Source/include -I../Middlewares/Third_Party/FreeRTOS/Source/CMSIS_RTOS_V2 -I../Middlewares/Third_Party/FreeRTOS/Source/portable/GCC/ARM_CM0 -O0 -ffunction-sections -fdata-sections -Wall -fstack-usage -fcyclomatic-complexity -MMD -MP -MF"Core/Src/main.d" -MT"Core/Src/main.o" --specs=nano.specs -mfloat-abi=soft -mthumb -o "Core/Src/main.o"
arm-none-eabi-gcc -o "Multitarefas.elf" @"objects.list"   -mcpu=cortex-m0 -T"C:\Users\pedro\STM32CubeIDE\workspace_1.13.1\Multitarefas\STM32F072RBTX_FLASH.ld" --specs=nosys.specs -Wl,-Map="Multitarefas.map" -Wl,--gc-sections -static --specs=nano.specs -mfloat-abi=soft -mthumb -Wl,--start-group -lc -lm -Wl,--end-group
Finished building target: Multitarefas.elf
 
arm-none-eabi-size   Multitarefas.elf 
arm-none-eabi-objdump -h -S  Multitarefas.elf  > "Multitarefas.list"
   text	   data	    bss	    dec	    hex	filename
  21568	     24	   9184	  30776	   7838	Multitarefas.elf
Finished building: default.size.stdout
 
Finished building: Multitarefas.list
 
18:06:56 **** Incremental Build of configuration Debug for project Multitarefas ****
make -j8 all 
arm-none-eabi-gcc "../Core/Src/main.c" -mcpu=cortex-m0 -std=gnu11 -g3 -DDEBUG -DUSE_HAL_DRIVER -DSTM32F072xB -c -I../Core/Inc -I../Drivers/STM32F0xx_HAL_Driver/Inc -I../Drivers/STM32F0xx_HAL_Driver/Inc/Legacy -I../Drivers/CMSIS/Device/ST/STM32F0xx/Include -I../Drivers/CMSIS/Include -I../Middlewares/Third_Party/FreeRTOS/Source/include -I../Middlewares/Third_Party/FreeRTOS/Source/CMSIS_RTOS_V2 -I../Middlewares/Third_Party/FreeRTOS/Source/portable/GCC/ARM_CM0 -O0 -ffunction-sections -fdata-sections -Wall -fstack-usage -fcyclomatic-complexity -MMD -MP -MF"Core/Src/main.d" -MT"Core/Src/main.o" --specs=nano.specs -mfloat-abi=soft -mthumb -o "Core/Src/main.o"
arm-none-eabi-gcc -o "Multitarefas.elf" @"objects.list"   -mcpu=cortex-m0 -T"C:\Users\pedro\STM32CubeIDE\workspace_1.13.1\Multitarefas\STM32F072RBTX_FLASH.ld" --specs=nosys.specs -Wl,-Map="Multitarefas.map" -Wl,--gc-sections -static --specs=nano.specs -mfloat-abi=soft -mthumb -Wl,--start-group -lc -lm -Wl,--end-group
Finished building target: Multitarefas.elf
 
arm-none-eabi-size   Multitarefas.elf 
arm-none-eabi-objdump -h -S  Multitarefas.elf  > "Multitarefas.list"
   text	   data	    bss	    dec	    hex	filename
  16408	     24	   7096	  23528	   5be8	Multitarefas.elf
Finished building: default.size.stdout
 
Finished building: Multitarefas.list
 
18:07:31 **** Incremental Build of configuration Debug for project Multitarefas ****
make -j8 all 
arm-none-eabi-gcc "../Core/Src/main.c" -mcpu=cortex-m0 -std=gnu11 -g3 -DDEBUG -DUSE_HAL_DRIVER -DSTM32F072xB -c -I../Core/Inc -I../Drivers/STM32F0xx_HAL_Driver/Inc -I../Drivers/STM32F0xx_HAL_Driver/Inc/Legacy -I../Drivers/CMSIS/Device/ST/STM32F0xx/Include -I../Drivers/CMSIS/Include -I../Middlewares/Third_Party/FreeRTOS/Source/include -I../Middlewares/Third_Party/FreeRTOS/Source/CMSIS_RTOS_V2 -I../Middlewares/Third_Party/FreeRTOS/Source/portable/GCC/ARM_CM0 -O0 -ffunction-sections -fdata-sections -Wall -fstack-usage -fcyclomatic-complexity -MMD -MP -MF"Core/Src/main.d" -MT"Core/Src/main.o" --specs=nano.specs -mfloat-abi=soft -mthumb -o "Core/Src/main.o"
arm-none-eabi-gcc -o "Multitarefas.elf" @"objects.list"   -mcpu=cortex-m0 -T"C:\Users\pedro\STM32CubeIDE\workspace_1.13.1\Multitarefas\STM32F072RBTX_FLASH.ld" --specs=nosys.specs -Wl,-Map="Multitarefas.map" -Wl,--gc-sections -static --specs=nano.specs -mfloat-abi=soft -mthumb -Wl,--start-group -lc -lm -Wl,--end-group
Finished building target: Multitarefas.elf
 
arm-none-eabi-size   Multitarefas.elf 
arm-none-eabi-objdump -h -S  Multitarefas.elf  > "Multitarefas.list"
   text	   data	    bss	    dec	    hex	filename
  16408	     24	   7096	  23528	   5be8	Multitarefas.elf
Finished building: default.size.stdout
 
Finished building: Multitarefas.list
 
18:15:09 **** Incremental Build of configuration Debug for project Multitarefas ****
make -j8 all 
arm-none-eabi-size   Multitarefas.elf 
   text	   data	    bss	    dec	    hex	filename
  16408	     24	   7096	  23528	   5be8	Multitarefas.elf
Finished building: default.size.stdout
 
18:15:39 **** Incremental Build of configuration Debug for project Multitarefas ****
make -j8 all 
arm-none-eabi-gcc "../Core/Src/main.c" -mcpu=cortex-m0 -std=gnu11 -g3 -DDEBUG -DUSE_HAL_DRIVER -DSTM32F072xB -c -I../Core/Inc -I../Drivers/STM32F0xx_HAL_Driver/Inc -I../Drivers/STM32F0xx_HAL_Driver/Inc/Legacy -I../Drivers/CMSIS/Device/ST/STM32F0xx/Include -I../Drivers/CMSIS/Include -I../Middlewares/Third_Party/FreeRTOS/Source/include -I../Middlewares/Third_Party/FreeRTOS/Source/CMSIS_RTOS_V2 -I../Middlewares/Third_Party/FreeRTOS/Source/portable/GCC/ARM_CM0 -O0 -ffunction-sections -fdata-sections -Wall -fstack-usage -fcyclomatic-complexity -MMD -MP -MF"Core/Src/main.d" -MT"Core/Src/main.o" --specs=nano.specs -mfloat-abi=soft -mthumb -o "Core/Src/main.o"
arm-none-eabi-gcc -o "Multitarefas.elf" @"objects.list"   -mcpu=cortex-m0 -T"C:\Users\pedro\STM32CubeIDE\workspace_1.13.1\Multitarefas\STM32F072RBTX_FLASH.ld" --specs=nosys.specs -Wl,-Map="Multitarefas.map" -Wl,--gc-sections -static --specs=nano.specs -mfloat-abi=soft -mthumb -Wl,--start-group -lc -lm -Wl,--end-group
Finished building target: Multitarefas.elf
 
arm-none-eabi-size   Multitarefas.elf 
arm-none-eabi-objdump -h -S  Multitarefas.elf  > "Multitarefas.list"
   text	   data	    bss	    dec	    hex	filename
  16312	     24	   7096	  23432	   5b88	Multitarefas.elf
Finished building: default.size.stdout
 
Finished building: Multitarefas.list
 
18:18:17 **** Incremental Build of configuration Debug for project Multitarefas ****
make -j8 all 
arm-none-eabi-gcc "../Core/Src/main.c" -mcpu=cortex-m0 -std=gnu11 -g3 -DDEBUG -DUSE_HAL_DRIVER -DSTM32F072xB -c -I../Core/Inc -I../Drivers/STM32F0xx_HAL_Driver/Inc -I../Drivers/STM32F0xx_HAL_Driver/Inc/Legacy -I../Drivers/CMSIS/Device/ST/STM32F0xx/Include -I../Drivers/CMSIS/Include -I../Middlewares/Third_Party/FreeRTOS/Source/include -I../Middlewares/Third_Party/FreeRTOS/Source/CMSIS_RTOS_V2 -I../Middlewares/Third_Party/FreeRTOS/Source/portable/GCC/ARM_CM0 -O0 -ffunction-sections -fdata-sections -Wall -fstack-usage -fcyclomatic-complexity -MMD -MP -MF"Core/Src/main.d" -MT"Core/Src/main.o" --specs=nano.specs -mfloat-abi=soft -mthumb -o "Core/Src/main.o"
arm-none-eabi-gcc -o "Multitarefas.elf" @"objects.list"   -mcpu=cortex-m0 -T"C:\Users\pedro\STM32CubeIDE\workspace_1.13.1\Multitarefas\STM32F072RBTX_FLASH.ld" --specs=nosys.specs -Wl,-Map="Multitarefas.map" -Wl,--gc-sections -static --specs=nano.specs -mfloat-abi=soft -mthumb -Wl,--start-group -lc -lm -Wl,--end-group
Finished building target: Multitarefas.elf
 
arm-none-eabi-size   Multitarefas.elf 
arm-none-eabi-objdump -h -S  Multitarefas.elf  > "Multitarefas.list"
   text	   data	    bss	    dec	    hex	filename
  16312	     24	   7096	  23432	   5b88	Multitarefas.elf
Finished building: default.size.stdout
 
Finished building: Multitarefas.list
 
18:18:33 **** Incremental Build of configuration Debug for project Multitarefas ****
make -j8 all 
arm-none-eabi-size   Multitarefas.elf 
   text	   data	    bss	    dec	    hex	filename
  16312	     24	   7096	  23432	   5b88	Multitarefas.elf
Finished building: default.size.stdout
 
18:18:49 **** Incremental Build of configuration Debug for project Multitarefas ****
make -j8 all 
arm-none-eabi-size   Multitarefas.elf 
   text	   data	    bss	    dec	    hex	filename
  16312	     24	   7096	  23432	   5b88	Multitarefas.elf
Finished building: default.size.stdout
 
20:59:10 **** Build of configuration Debug for project AgoraVai ****
make -j8 all 
arm-none-eabi-gcc "../Drivers/STM32F0xx_HAL_Driver/Src/stm32f0xx_hal.c" -mcpu=cortex-m0 -std=gnu11 -g3 -DDEBUG -DUSE_HAL_DRIVER -DSTM32F072xB -c -I../Core/Inc -I../Drivers/STM32F0xx_HAL_Driver/Inc -I../Drivers/STM32F0xx_HAL_Driver/Inc/Legacy -I../Drivers/CMSIS/Device/ST/STM32F0xx/Include -I../Drivers/CMSIS/Include -O0 -ffunction-sections -fdata-sections -Wall -fstack-usage -fcyclomatic-complexity -MMD -MP -MF"Drivers/STM32F0xx_HAL_Driver/Src/stm32f0xx_hal.d" -MT"Drivers/STM32F0xx_HAL_Driver/Src/stm32f0xx_hal.o" --specs=nano.specs -mfloat-abi=soft -mthumb -o "Drivers/STM32F0xx_HAL_Driver/Src/stm32f0xx_hal.o"
arm-none-eabi-gcc "../Drivers/STM32F0xx_HAL_Driver/Src/stm32f0xx_hal_cortex.c" -mcpu=cortex-m0 -std=gnu11 -g3 -DDEBUG -DUSE_HAL_DRIVER -DSTM32F072xB -c -I../Core/Inc -I../Drivers/STM32F0xx_HAL_Driver/Inc -I../Drivers/STM32F0xx_HAL_Driver/Inc/Legacy -I../Drivers/CMSIS/Device/ST/STM32F0xx/Include -I../Drivers/CMSIS/Include -O0 -ffunction-sections -fdata-sections -Wall -fstack-usage -fcyclomatic-complexity -MMD -MP -MF"Drivers/STM32F0xx_HAL_Driver/Src/stm32f0xx_hal_cortex.d" -MT"Drivers/STM32F0xx_HAL_Driver/Src/stm32f0xx_hal_cortex.o" --specs=nano.specs -mfloat-abi=soft -mthumb -o "Drivers/STM32F0xx_HAL_Driver/Src/stm32f0xx_hal_cortex.o"
arm-none-eabi-gcc "../Drivers/STM32F0xx_HAL_Driver/Src/stm32f0xx_hal_dma.c" -mcpu=cortex-m0 -std=gnu11 -g3 -DDEBUG -DUSE_HAL_DRIVER -DSTM32F072xB -c -I../Core/Inc -I../Drivers/STM32F0xx_HAL_Driver/Inc -I../Drivers/STM32F0xx_HAL_Driver/Inc/Legacy -I../Drivers/CMSIS/Device/ST/STM32F0xx/Include -I../Drivers/CMSIS/Include -O0 -ffunction-sections -fdata-sections -Wall -fstack-usage -fcyclomatic-complexity -MMD -MP -MF"Drivers/STM32F0xx_HAL_Driver/Src/stm32f0xx_hal_dma.d" -MT"Drivers/STM32F0xx_HAL_Driver/Src/stm32f0xx_hal_dma.o" --specs=nano.specs -mfloat-abi=soft -mthumb -o "Drivers/STM32F0xx_HAL_Driver/Src/stm32f0xx_hal_dma.o"
arm-none-eabi-gcc "../Drivers/STM32F0xx_HAL_Driver/Src/stm32f0xx_hal_exti.c" -mcpu=cortex-m0 -std=gnu11 -g3 -DDEBUG -DUSE_HAL_DRIVER -DSTM32F072xB -c -I../Core/Inc -I../Drivers/STM32F0xx_HAL_Driver/Inc -I../Drivers/STM32F0xx_HAL_Driver/Inc/Legacy -I../Drivers/CMSIS/Device/ST/STM32F0xx/Include -I../Drivers/CMSIS/Include -O0 -ffunction-sections -fdata-sections -Wall -fstack-usage -fcyclomatic-complexity -MMD -MP -MF"Drivers/STM32F0xx_HAL_Driver/Src/stm32f0xx_hal_exti.d" -MT"Drivers/STM32F0xx_HAL_Driver/Src/stm32f0xx_hal_exti.o" --specs=nano.specs -mfloat-abi=soft -mthumb -o "Drivers/STM32F0xx_HAL_Driver/Src/stm32f0xx_hal_exti.o"
arm-none-eabi-gcc "../Drivers/STM32F0xx_HAL_Driver/Src/stm32f0xx_hal_flash.c" -mcpu=cortex-m0 -std=gnu11 -g3 -DDEBUG -DUSE_HAL_DRIVER -DSTM32F072xB -c -I../Core/Inc -I../Drivers/STM32F0xx_HAL_Driver/Inc -I../Drivers/STM32F0xx_HAL_Driver/Inc/Legacy -I../Drivers/CMSIS/Device/ST/STM32F0xx/Include -I../Drivers/CMSIS/Include -O0 -ffunction-sections -fdata-sections -Wall -fstack-usage -fcyclomatic-complexity -MMD -MP -MF"Drivers/STM32F0xx_HAL_Driver/Src/stm32f0xx_hal_flash.d" -MT"Drivers/STM32F0xx_HAL_Driver/Src/stm32f0xx_hal_flash.o" --specs=nano.specs -mfloat-abi=soft -mthumb -o "Drivers/STM32F0xx_HAL_Driver/Src/stm32f0xx_hal_flash.o"
arm-none-eabi-gcc "../Drivers/STM32F0xx_HAL_Driver/Src/stm32f0xx_hal_flash_ex.c" -mcpu=cortex-m0 -std=gnu11 -g3 -DDEBUG -DUSE_HAL_DRIVER -DSTM32F072xB -c -I../Core/Inc -I../Drivers/STM32F0xx_HAL_Driver/Inc -I../Drivers/STM32F0xx_HAL_Driver/Inc/Legacy -I../Drivers/CMSIS/Device/ST/STM32F0xx/Include -I../Drivers/CMSIS/Include -O0 -ffunction-sections -fdata-sections -Wall -fstack-usage -fcyclomatic-complexity -MMD -MP -MF"Drivers/STM32F0xx_HAL_Driver/Src/stm32f0xx_hal_flash_ex.d" -MT"Drivers/STM32F0xx_HAL_Driver/Src/stm32f0xx_hal_flash_ex.o" --specs=nano.specs -mfloat-abi=soft -mthumb -o "Drivers/STM32F0xx_HAL_Driver/Src/stm32f0xx_hal_flash_ex.o"
arm-none-eabi-gcc "../Drivers/STM32F0xx_HAL_Driver/Src/stm32f0xx_hal_gpio.c" -mcpu=cortex-m0 -std=gnu11 -g3 -DDEBUG -DUSE_HAL_DRIVER -DSTM32F072xB -c -I../Core/Inc -I../Drivers/STM32F0xx_HAL_Driver/Inc -I../Drivers/STM32F0xx_HAL_Driver/Inc/Legacy -I../Drivers/CMSIS/Device/ST/STM32F0xx/Include -I../Drivers/CMSIS/Include -O0 -ffunction-sections -fdata-sections -Wall -fstack-usage -fcyclomatic-complexity -MMD -MP -MF"Drivers/STM32F0xx_HAL_Driver/Src/stm32f0xx_hal_gpio.d" -MT"Drivers/STM32F0xx_HAL_Driver/Src/stm32f0xx_hal_gpio.o" --specs=nano.specs -mfloat-abi=soft -mthumb -o "Drivers/STM32F0xx_HAL_Driver/Src/stm32f0xx_hal_gpio.o"
arm-none-eabi-gcc "../Drivers/STM32F0xx_HAL_Driver/Src/stm32f0xx_hal_i2c.c" -mcpu=cortex-m0 -std=gnu11 -g3 -DDEBUG -DUSE_HAL_DRIVER -DSTM32F072xB -c -I../Core/Inc -I../Drivers/STM32F0xx_HAL_Driver/Inc -I../Drivers/STM32F0xx_HAL_Driver/Inc/Legacy -I../Drivers/CMSIS/Device/ST/STM32F0xx/Include -I../Drivers/CMSIS/Include -O0 -ffunction-sections -fdata-sections -Wall -fstack-usage -fcyclomatic-complexity -MMD -MP -MF"Drivers/STM32F0xx_HAL_Driver/Src/stm32f0xx_hal_i2c.d" -MT"Drivers/STM32F0xx_HAL_Driver/Src/stm32f0xx_hal_i2c.o" --specs=nano.specs -mfloat-abi=soft -mthumb -o "Drivers/STM32F0xx_HAL_Driver/Src/stm32f0xx_hal_i2c.o"
arm-none-eabi-gcc "../Drivers/STM32F0xx_HAL_Driver/Src/stm32f0xx_hal_i2c_ex.c" -mcpu=cortex-m0 -std=gnu11 -g3 -DDEBUG -DUSE_HAL_DRIVER -DSTM32F072xB -c -I../Core/Inc -I../Drivers/STM32F0xx_HAL_Driver/Inc -I../Drivers/STM32F0xx_HAL_Driver/Inc/Legacy -I../Drivers/CMSIS/Device/ST/STM32F0xx/Include -I../Drivers/CMSIS/Include -O0 -ffunction-sections -fdata-sections -Wall -fstack-usage -fcyclomatic-complexity -MMD -MP -MF"Drivers/STM32F0xx_HAL_Driver/Src/stm32f0xx_hal_i2c_ex.d" -MT"Drivers/STM32F0xx_HAL_Driver/Src/stm32f0xx_hal_i2c_ex.o" --specs=nano.specs -mfloat-abi=soft -mthumb -o "Drivers/STM32F0xx_HAL_Driver/Src/stm32f0xx_hal_i2c_ex.o"
arm-none-eabi-gcc "../Drivers/STM32F0xx_HAL_Driver/Src/stm32f0xx_hal_pcd.c" -mcpu=cortex-m0 -std=gnu11 -g3 -DDEBUG -DUSE_HAL_DRIVER -DSTM32F072xB -c -I../Core/Inc -I../Drivers/STM32F0xx_HAL_Driver/Inc -I../Drivers/STM32F0xx_HAL_Driver/Inc/Legacy -I../Drivers/CMSIS/Device/ST/STM32F0xx/Include -I../Drivers/CMSIS/Include -O0 -ffunction-sections -fdata-sections -Wall -fstack-usage -fcyclomatic-complexity -MMD -MP -MF"Drivers/STM32F0xx_HAL_Driver/Src/stm32f0xx_hal_pcd.d" -MT"Drivers/STM32F0xx_HAL_Driver/Src/stm32f0xx_hal_pcd.o" --specs=nano.specs -mfloat-abi=soft -mthumb -o "Drivers/STM32F0xx_HAL_Driver/Src/stm32f0xx_hal_pcd.o"
arm-none-eabi-gcc "../Drivers/STM32F0xx_HAL_Driver/Src/stm32f0xx_hal_pcd_ex.c" -mcpu=cortex-m0 -std=gnu11 -g3 -DDEBUG -DUSE_HAL_DRIVER -DSTM32F072xB -c -I../Core/Inc -I../Drivers/STM32F0xx_HAL_Driver/Inc -I../Drivers/STM32F0xx_HAL_Driver/Inc/Legacy -I../Drivers/CMSIS/Device/ST/STM32F0xx/Include -I../Drivers/CMSIS/Include -O0 -ffunction-sections -fdata-sections -Wall -fstack-usage -fcyclomatic-complexity -MMD -MP -MF"Drivers/STM32F0xx_HAL_Driver/Src/stm32f0xx_hal_pcd_ex.d" -MT"Drivers/STM32F0xx_HAL_Driver/Src/stm32f0xx_hal_pcd_ex.o" --specs=nano.specs -mfloat-abi=soft -mthumb -o "Drivers/STM32F0xx_HAL_Driver/Src/stm32f0xx_hal_pcd_ex.o"
arm-none-eabi-gcc "../Drivers/STM32F0xx_HAL_Driver/Src/stm32f0xx_hal_pwr.c" -mcpu=cortex-m0 -std=gnu11 -g3 -DDEBUG -DUSE_HAL_DRIVER -DSTM32F072xB -c -I../Core/Inc -I../Drivers/STM32F0xx_HAL_Driver/Inc -I../Drivers/STM32F0xx_HAL_Driver/Inc/Legacy -I../Drivers/CMSIS/Device/ST/STM32F0xx/Include -I../Drivers/CMSIS/Include -O0 -ffunction-sections -fdata-sections -Wall -fstack-usage -fcyclomatic-complexity -MMD -MP -MF"Drivers/STM32F0xx_HAL_Driver/Src/stm32f0xx_hal_pwr.d" -MT"Drivers/STM32F0xx_HAL_Driver/Src/stm32f0xx_hal_pwr.o" --specs=nano.specs -mfloat-abi=soft -mthumb -o "Drivers/STM32F0xx_HAL_Driver/Src/stm32f0xx_hal_pwr.o"
arm-none-eabi-gcc "../Drivers/STM32F0xx_HAL_Driver/Src/stm32f0xx_hal_pwr_ex.c" -mcpu=cortex-m0 -std=gnu11 -g3 -DDEBUG -DUSE_HAL_DRIVER -DSTM32F072xB -c -I../Core/Inc -I../Drivers/STM32F0xx_HAL_Driver/Inc -I../Drivers/STM32F0xx_HAL_Driver/Inc/Legacy -I../Drivers/CMSIS/Device/ST/STM32F0xx/Include -I../Drivers/CMSIS/Include -O0 -ffunction-sections -fdata-sections -Wall -fstack-usage -fcyclomatic-complexity -MMD -MP -MF"Drivers/STM32F0xx_HAL_Driver/Src/stm32f0xx_hal_pwr_ex.d" -MT"Drivers/STM32F0xx_HAL_Driver/Src/stm32f0xx_hal_pwr_ex.o" --specs=nano.specs -mfloat-abi=soft -mthumb -o "Drivers/STM32F0xx_HAL_Driver/Src/stm32f0xx_hal_pwr_ex.o"
arm-none-eabi-gcc "../Drivers/STM32F0xx_HAL_Driver/Src/stm32f0xx_hal_rcc.c" -mcpu=cortex-m0 -std=gnu11 -g3 -DDEBUG -DUSE_HAL_DRIVER -DSTM32F072xB -c -I../Core/Inc -I../Drivers/STM32F0xx_HAL_Driver/Inc -I../Drivers/STM32F0xx_HAL_Driver/Inc/Legacy -I../Drivers/CMSIS/Device/ST/STM32F0xx/Include -I../Drivers/CMSIS/Include -O0 -ffunction-sections -fdata-sections -Wall -fstack-usage -fcyclomatic-complexity -MMD -MP -MF"Drivers/STM32F0xx_HAL_Driver/Src/stm32f0xx_hal_rcc.d" -MT"Drivers/STM32F0xx_HAL_Driver/Src/stm32f0xx_hal_rcc.o" --specs=nano.specs -mfloat-abi=soft -mthumb -o "Drivers/STM32F0xx_HAL_Driver/Src/stm32f0xx_hal_rcc.o"
arm-none-eabi-gcc "../Drivers/STM32F0xx_HAL_Driver/Src/stm32f0xx_hal_rcc_ex.c" -mcpu=cortex-m0 -std=gnu11 -g3 -DDEBUG -DUSE_HAL_DRIVER -DSTM32F072xB -c -I../Core/Inc -I../Drivers/STM32F0xx_HAL_Driver/Inc -I../Drivers/STM32F0xx_HAL_Driver/Inc/Legacy -I../Drivers/CMSIS/Device/ST/STM32F0xx/Include -I../Drivers/CMSIS/Include -O0 -ffunction-sections -fdata-sections -Wall -fstack-usage -fcyclomatic-complexity -MMD -MP -MF"Drivers/STM32F0xx_HAL_Driver/Src/stm32f0xx_hal_rcc_ex.d" -MT"Drivers/STM32F0xx_HAL_Driver/Src/stm32f0xx_hal_rcc_ex.o" --specs=nano.specs -mfloat-abi=soft -mthumb -o "Drivers/STM32F0xx_HAL_Driver/Src/stm32f0xx_hal_rcc_ex.o"
arm-none-eabi-gcc "../Drivers/STM32F0xx_HAL_Driver/Src/stm32f0xx_hal_spi.c" -mcpu=cortex-m0 -std=gnu11 -g3 -DDEBUG -DUSE_HAL_DRIVER -DSTM32F072xB -c -I../Core/Inc -I../Drivers/STM32F0xx_HAL_Driver/Inc -I../Drivers/STM32F0xx_HAL_Driver/Inc/Legacy -I../Drivers/CMSIS/Device/ST/STM32F0xx/Include -I../Drivers/CMSIS/Include -O0 -ffunction-sections -fdata-sections -Wall -fstack-usage -fcyclomatic-complexity -MMD -MP -MF"Drivers/STM32F0xx_HAL_Driver/Src/stm32f0xx_hal_spi.d" -MT"Drivers/STM32F0xx_HAL_Driver/Src/stm32f0xx_hal_spi.o" --specs=nano.specs -mfloat-abi=soft -mthumb -o "Drivers/STM32F0xx_HAL_Driver/Src/stm32f0xx_hal_spi.o"
arm-none-eabi-gcc "../Drivers/STM32F0xx_HAL_Driver/Src/stm32f0xx_hal_spi_ex.c" -mcpu=cortex-m0 -std=gnu11 -g3 -DDEBUG -DUSE_HAL_DRIVER -DSTM32F072xB -c -I../Core/Inc -I../Drivers/STM32F0xx_HAL_Driver/Inc -I../Drivers/STM32F0xx_HAL_Driver/Inc/Legacy -I../Drivers/CMSIS/Device/ST/STM32F0xx/Include -I../Drivers/CMSIS/Include -O0 -ffunction-sections -fdata-sections -Wall -fstack-usage -fcyclomatic-complexity -MMD -MP -MF"Drivers/STM32F0xx_HAL_Driver/Src/stm32f0xx_hal_spi_ex.d" -MT"Drivers/STM32F0xx_HAL_Driver/Src/stm32f0xx_hal_spi_ex.o" --specs=nano.specs -mfloat-abi=soft -mthumb -o "Drivers/STM32F0xx_HAL_Driver/Src/stm32f0xx_hal_spi_ex.o"
arm-none-eabi-gcc "../Drivers/STM32F0xx_HAL_Driver/Src/stm32f0xx_hal_tim.c" -mcpu=cortex-m0 -std=gnu11 -g3 -DDEBUG -DUSE_HAL_DRIVER -DSTM32F072xB -c -I../Core/Inc -I../Drivers/STM32F0xx_HAL_Driver/Inc -I../Drivers/STM32F0xx_HAL_Driver/Inc/Legacy -I../Drivers/CMSIS/Device/ST/STM32F0xx/Include -I../Drivers/CMSIS/Include -O0 -ffunction-sections -fdata-sections -Wall -fstack-usage -fcyclomatic-complexity -MMD -MP -MF"Drivers/STM32F0xx_HAL_Driver/Src/stm32f0xx_hal_tim.d" -MT"Drivers/STM32F0xx_HAL_Driver/Src/stm32f0xx_hal_tim.o" --specs=nano.specs -mfloat-abi=soft -mthumb -o "Drivers/STM32F0xx_HAL_Driver/Src/stm32f0xx_hal_tim.o"
arm-none-eabi-gcc "../Drivers/STM32F0xx_HAL_Driver/Src/stm32f0xx_hal_tim_ex.c" -mcpu=cortex-m0 -std=gnu11 -g3 -DDEBUG -DUSE_HAL_DRIVER -DSTM32F072xB -c -I../Core/Inc -I../Drivers/STM32F0xx_HAL_Driver/Inc -I../Drivers/STM32F0xx_HAL_Driver/Inc/Legacy -I../Drivers/CMSIS/Device/ST/STM32F0xx/Include -I../Drivers/CMSIS/Include -O0 -ffunction-sections -fdata-sections -Wall -fstack-usage -fcyclomatic-complexity -MMD -MP -MF"Drivers/STM32F0xx_HAL_Driver/Src/stm32f0xx_hal_tim_ex.d" -MT"Drivers/STM32F0xx_HAL_Driver/Src/stm32f0xx_hal_tim_ex.o" --specs=nano.specs -mfloat-abi=soft -mthumb -o "Drivers/STM32F0xx_HAL_Driver/Src/stm32f0xx_hal_tim_ex.o"
arm-none-eabi-gcc "../Drivers/STM32F0xx_HAL_Driver/Src/stm32f0xx_hal_tsc.c" -mcpu=cortex-m0 -std=gnu11 -g3 -DDEBUG -DUSE_HAL_DRIVER -DSTM32F072xB -c -I../Core/Inc -I../Drivers/STM32F0xx_HAL_Driver/Inc -I../Drivers/STM32F0xx_HAL_Driver/Inc/Legacy -I../Drivers/CMSIS/Device/ST/STM32F0xx/Include -I../Drivers/CMSIS/Include -O0 -ffunction-sections -fdata-sections -Wall -fstack-usage -fcyclomatic-complexity -MMD -MP -MF"Drivers/STM32F0xx_HAL_Driver/Src/stm32f0xx_hal_tsc.d" -MT"Drivers/STM32F0xx_HAL_Driver/Src/stm32f0xx_hal_tsc.o" --specs=nano.specs -mfloat-abi=soft -mthumb -o "Drivers/STM32F0xx_HAL_Driver/Src/stm32f0xx_hal_tsc.o"
arm-none-eabi-gcc "../Drivers/STM32F0xx_HAL_Driver/Src/stm32f0xx_hal_uart.c" -mcpu=cortex-m0 -std=gnu11 -g3 -DDEBUG -DUSE_HAL_DRIVER -DSTM32F072xB -c -I../Core/Inc -I../Drivers/STM32F0xx_HAL_Driver/Inc -I../Drivers/STM32F0xx_HAL_Driver/Inc/Legacy -I../Drivers/CMSIS/Device/ST/STM32F0xx/Include -I../Drivers/CMSIS/Include -O0 -ffunction-sections -fdata-sections -Wall -fstack-usage -fcyclomatic-complexity -MMD -MP -MF"Drivers/STM32F0xx_HAL_Driver/Src/stm32f0xx_hal_uart.d" -MT"Drivers/STM32F0xx_HAL_Driver/Src/stm32f0xx_hal_uart.o" --specs=nano.specs -mfloat-abi=soft -mthumb -o "Drivers/STM32F0xx_HAL_Driver/Src/stm32f0xx_hal_uart.o"
arm-none-eabi-gcc "../Drivers/STM32F0xx_HAL_Driver/Src/stm32f0xx_hal_uart_ex.c" -mcpu=cortex-m0 -std=gnu11 -g3 -DDEBUG -DUSE_HAL_DRIVER -DSTM32F072xB -c -I../Core/Inc -I../Drivers/STM32F0xx_HAL_Driver/Inc -I../Drivers/STM32F0xx_HAL_Driver/Inc/Legacy -I../Drivers/CMSIS/Device/ST/STM32F0xx/Include -I../Drivers/CMSIS/Include -O0 -ffunction-sections -fdata-sections -Wall -fstack-usage -fcyclomatic-complexity -MMD -MP -MF"Drivers/STM32F0xx_HAL_Driver/Src/stm32f0xx_hal_uart_ex.d" -MT"Drivers/STM32F0xx_HAL_Driver/Src/stm32f0xx_hal_uart_ex.o" --specs=nano.specs -mfloat-abi=soft -mthumb -o "Drivers/STM32F0xx_HAL_Driver/Src/stm32f0xx_hal_uart_ex.o"
arm-none-eabi-gcc "../Drivers/STM32F0xx_HAL_Driver/Src/stm32f0xx_ll_usb.c" -mcpu=cortex-m0 -std=gnu11 -g3 -DDEBUG -DUSE_HAL_DRIVER -DSTM32F072xB -c -I../Core/Inc -I../Drivers/STM32F0xx_HAL_Driver/Inc -I../Drivers/STM32F0xx_HAL_Driver/Inc/Legacy -I../Drivers/CMSIS/Device/ST/STM32F0xx/Include -I../Drivers/CMSIS/Include -O0 -ffunction-sections -fdata-sections -Wall -fstack-usage -fcyclomatic-complexity -MMD -MP -MF"Drivers/STM32F0xx_HAL_Driver/Src/stm32f0xx_ll_usb.d" -MT"Drivers/STM32F0xx_HAL_Driver/Src/stm32f0xx_ll_usb.o" --specs=nano.specs -mfloat-abi=soft -mthumb -o "Drivers/STM32F0xx_HAL_Driver/Src/stm32f0xx_ll_usb.o"
arm-none-eabi-gcc -mcpu=cortex-m0 -g3 -DDEBUG -c -x assembler-with-cpp -MMD -MP -MF"Core/Startup/startup_stm32f072rbtx.d" -MT"Core/Startup/startup_stm32f072rbtx.o" --specs=nano.specs -mfloat-abi=soft -mthumb -o "Core/Startup/startup_stm32f072rbtx.o" "../Core/Startup/startup_stm32f072rbtx.s"
arm-none-eabi-gcc "../Core/Src/main.c" -mcpu=cortex-m0 -std=gnu11 -g3 -DDEBUG -DUSE_HAL_DRIVER -DSTM32F072xB -c -I../Core/Inc -I../Drivers/STM32F0xx_HAL_Driver/Inc -I../Drivers/STM32F0xx_HAL_Driver/Inc/Legacy -I../Drivers/CMSIS/Device/ST/STM32F0xx/Include -I../Drivers/CMSIS/Include -O0 -ffunction-sections -fdata-sections -Wall -fstack-usage -fcyclomatic-complexity -MMD -MP -MF"Core/Src/main.d" -MT"Core/Src/main.o" --specs=nano.specs -mfloat-abi=soft -mthumb -o "Core/Src/main.o"
arm-none-eabi-gcc "../Core/Src/stm32f0xx_hal_msp.c" -mcpu=cortex-m0 -std=gnu11 -g3 -DDEBUG -DUSE_HAL_DRIVER -DSTM32F072xB -c -I../Core/Inc -I../Drivers/STM32F0xx_HAL_Driver/Inc -I../Drivers/STM32F0xx_HAL_Driver/Inc/Legacy -I../Drivers/CMSIS/Device/ST/STM32F0xx/Include -I../Drivers/CMSIS/Include -O0 -ffunction-sections -fdata-sections -Wall -fstack-usage -fcyclomatic-complexity -MMD -MP -MF"Core/Src/stm32f0xx_hal_msp.d" -MT"Core/Src/stm32f0xx_hal_msp.o" --specs=nano.specs -mfloat-abi=soft -mthumb -o "Core/Src/stm32f0xx_hal_msp.o"
arm-none-eabi-gcc "../Core/Src/stm32f0xx_it.c" -mcpu=cortex-m0 -std=gnu11 -g3 -DDEBUG -DUSE_HAL_DRIVER -DSTM32F072xB -c -I../Core/Inc -I../Drivers/STM32F0xx_HAL_Driver/Inc -I../Drivers/STM32F0xx_HAL_Driver/Inc/Legacy -I../Drivers/CMSIS/Device/ST/STM32F0xx/Include -I../Drivers/CMSIS/Include -O0 -ffunction-sections -fdata-sections -Wall -fstack-usage -fcyclomatic-complexity -MMD -MP -MF"Core/Src/stm32f0xx_it.d" -MT"Core/Src/stm32f0xx_it.o" --specs=nano.specs -mfloat-abi=soft -mthumb -o "Core/Src/stm32f0xx_it.o"
arm-none-eabi-gcc "../Core/Src/syscalls.c" -mcpu=cortex-m0 -std=gnu11 -g3 -DDEBUG -DUSE_HAL_DRIVER -DSTM32F072xB -c -I../Core/Inc -I../Drivers/STM32F0xx_HAL_Driver/Inc -I../Drivers/STM32F0xx_HAL_Driver/Inc/Legacy -I../Drivers/CMSIS/Device/ST/STM32F0xx/Include -I../Drivers/CMSIS/Include -O0 -ffunction-sections -fdata-sections -Wall -fstack-usage -fcyclomatic-complexity -MMD -MP -MF"Core/Src/syscalls.d" -MT"Core/Src/syscalls.o" --specs=nano.specs -mfloat-abi=soft -mthumb -o "Core/Src/syscalls.o"
arm-none-eabi-gcc "../Core/Src/sysmem.c" -mcpu=cortex-m0 -std=gnu11 -g3 -DDEBUG -DUSE_HAL_DRIVER -DSTM32F072xB -c -I../Core/Inc -I../Drivers/STM32F0xx_HAL_Driver/Inc -I../Drivers/STM32F0xx_HAL_Driver/Inc/Legacy -I../Drivers/CMSIS/Device/ST/STM32F0xx/Include -I../Drivers/CMSIS/Include -O0 -ffunction-sections -fdata-sections -Wall -fstack-usage -fcyclomatic-complexity -MMD -MP -MF"Core/Src/sysmem.d" -MT"Core/Src/sysmem.o" --specs=nano.specs -mfloat-abi=soft -mthumb -o "Core/Src/sysmem.o"
arm-none-eabi-gcc "../Core/Src/system_stm32f0xx.c" -mcpu=cortex-m0 -std=gnu11 -g3 -DDEBUG -DUSE_HAL_DRIVER -DSTM32F072xB -c -I../Core/Inc -I../Drivers/STM32F0xx_HAL_Driver/Inc -I../Drivers/STM32F0xx_HAL_Driver/Inc/Legacy -I../Drivers/CMSIS/Device/ST/STM32F0xx/Include -I../Drivers/CMSIS/Include -O0 -ffunction-sections -fdata-sections -Wall -fstack-usage -fcyclomatic-complexity -MMD -MP -MF"Core/Src/system_stm32f0xx.d" -MT"Core/Src/system_stm32f0xx.o" --specs=nano.specs -mfloat-abi=soft -mthumb -o "Core/Src/system_stm32f0xx.o"
arm-none-eabi-gcc -o "AgoraVai.elf" @"objects.list"   -mcpu=cortex-m0 -T"C:\Users\pedro\STM32CubeIDE\workspace_1.13.1\AgoraVai\STM32F072RBTX_FLASH.ld" --specs=nosys.specs -Wl,-Map="AgoraVai.map" -Wl,--gc-sections -static --specs=nano.specs -mfloat-abi=soft -mthumb -Wl,--start-group -lc -lm -Wl,--end-group
Finished building target: AgoraVai.elf
 
arm-none-eabi-size   AgoraVai.elf 
arm-none-eabi-objdump -h -S  AgoraVai.elf  > "AgoraVai.list"
   text	   data	    bss	    dec	    hex	filename
  11412	     20	   2716	  14148	   3744	AgoraVai.elf
Finished building: default.size.stdout
 
Finished building: AgoraVai.list
 
20:59:28 **** Incremental Build of configuration Debug for project AgoraVai ****
make -j8 all 
arm-none-eabi-gcc "../Core/Src/main.c" -mcpu=cortex-m0 -std=gnu11 -g3 -DDEBUG -DUSE_HAL_DRIVER -DSTM32F072xB -c -I../Core/Inc -I../Drivers/STM32F0xx_HAL_Driver/Inc -I../Drivers/STM32F0xx_HAL_Driver/Inc/Legacy -I../Drivers/CMSIS/Device/ST/STM32F0xx/Include -I../Drivers/CMSIS/Include -O0 -ffunction-sections -fdata-sections -Wall -fstack-usage -fcyclomatic-complexity -MMD -MP -MF"Core/Src/main.d" -MT"Core/Src/main.o" --specs=nano.specs -mfloat-abi=soft -mthumb -o "Core/Src/main.o"
arm-none-eabi-gcc -o "AgoraVai.elf" @"objects.list"   -mcpu=cortex-m0 -T"C:\Users\pedro\STM32CubeIDE\workspace_1.13.1\AgoraVai\STM32F072RBTX_FLASH.ld" --specs=nosys.specs -Wl,-Map="AgoraVai.map" -Wl,--gc-sections -static --specs=nano.specs -mfloat-abi=soft -mthumb -Wl,--start-group -lc -lm -Wl,--end-group
Finished building target: AgoraVai.elf
 
arm-none-eabi-size   AgoraVai.elf 
arm-none-eabi-objdump -h -S  AgoraVai.elf  > "AgoraVai.list"
   text	   data	    bss	    dec	    hex	filename
  11888	     20	   2716	  14624	   3920	AgoraVai.elf
Finished building: default.size.stdout
 
Finished building: AgoraVai.list
 
21:00:04 **** Incremental Build of configuration Debug for project AgoraVai ****
make -j8 all 
arm-none-eabi-size   AgoraVai.elf 
   text	   data	    bss	    dec	    hex	filename
  11888	     20	   2716	  14624	   3920	AgoraVai.elf
Finished building: default.size.stdout
 
21:04:05 **** Incremental Build of configuration Debug for project AgoraVai ****
make -j8 all 
arm-none-eabi-gcc "../Core/Src/main.c" -mcpu=cortex-m0 -std=gnu11 -g3 -DDEBUG -DUSE_HAL_DRIVER -DSTM32F072xB -c -I../Core/Inc -I../Drivers/STM32F0xx_HAL_Driver/Inc -I../Drivers/STM32F0xx_HAL_Driver/Inc/Legacy -I../Drivers/CMSIS/Device/ST/STM32F0xx/Include -I../Drivers/CMSIS/Include -O0 -ffunction-sections -fdata-sections -Wall -fstack-usage -fcyclomatic-complexity -MMD -MP -MF"Core/Src/main.d" -MT"Core/Src/main.o" --specs=nano.specs -mfloat-abi=soft -mthumb -o "Core/Src/main.o"
arm-none-eabi-gcc -o "AgoraVai.elf" @"objects.list"   -mcpu=cortex-m0 -T"C:\Users\pedro\STM32CubeIDE\workspace_1.13.1\AgoraVai\STM32F072RBTX_FLASH.ld" --specs=nosys.specs -Wl,-Map="AgoraVai.map" -Wl,--gc-sections -static --specs=nano.specs -mfloat-abi=soft -mthumb -Wl,--start-group -lc -lm -Wl,--end-group
Finished building target: AgoraVai.elf
 
arm-none-eabi-size   AgoraVai.elf 
arm-none-eabi-objdump -h -S  AgoraVai.elf  > "AgoraVai.list"
   text	   data	    bss	    dec	    hex	filename
  11920	     20	   2716	  14656	   3940	AgoraVai.elf
Finished building: default.size.stdout
 
Finished building: AgoraVai.list
 
21:05:32 **** Incremental Build of configuration Debug for project AgoraVai ****
make -j8 all 
arm-none-eabi-size   AgoraVai.elf 
   text	   data	    bss	    dec	    hex	filename
  11920	     20	   2716	  14656	   3940	AgoraVai.elf
Finished building: default.size.stdout
 
21:11:57 **** Incremental Build of configuration Debug for project AgoraVai ****
make -j8 all 
arm-none-eabi-size   AgoraVai.elf 
   text	   data	    bss	    dec	    hex	filename
  11920	     20	   2716	  14656	   3940	AgoraVai.elf
Finished building: default.size.stdout
 
21:13:03 **** Incremental Build of configuration Debug for project AgoraVai ****
make -j8 all 
arm-none-eabi-size   AgoraVai.elf 
   text	   data	    bss	    dec	    hex	filename
  11920	     20	   2716	  14656	   3940	AgoraVai.elf
Finished building: default.size.stdout
 
21:13:32 **** Incremental Build of configuration Debug for project AgoraVai ****
make -j8 all 
arm-none-eabi-size   AgoraVai.elf 
   text	   data	    bss	    dec	    hex	filename
  11920	     20	   2716	  14656	   3940	AgoraVai.elf
Finished building: default.size.stdout
 
21:13:39 **** Incremental Build of configuration Debug for project AgoraVai ****
make -j8 all 
arm-none-eabi-size   AgoraVai.elf 
   text	   data	    bss	    dec	    hex	filename
  11920	     20	   2716	  14656	   3940	AgoraVai.elf
Finished building: default.size.stdout
 
21:16:27 **** Incremental Build of configuration Debug for project AgoraVai ****
make -j8 all 
arm-none-eabi-size   AgoraVai.elf 
   text	   data	    bss	    dec	    hex	filename
  11920	     20	   2716	  14656	   3940	AgoraVai.elf
Finished building: default.size.stdout
 
21:18:08 **** Incremental Build of configuration Debug for project AgoraVai ****
make -j8 all 
arm-none-eabi-size   AgoraVai.elf 
   text	   data	    bss	    dec	    hex	filename
  11920	     20	   2716	  14656	   3940	AgoraVai.elf
Finished building: default.size.stdout
 
21:19:41 **** Incremental Build of configuration Debug for project AgoraVai ****
make -j8 all 
arm-none-eabi-size   AgoraVai.elf 
   text	   data	    bss	    dec	    hex	filename
  11920	     20	   2716	  14656	   3940	AgoraVai.elf
Finished building: default.size.stdout
 
21:21:04 **** Incremental Build of configuration Debug for project AgoraVai ****
make -j8 all 
arm-none-eabi-gcc "../Core/Src/main.c" -mcpu=cortex-m0 -std=gnu11 -g3 -DDEBUG -DUSE_HAL_DRIVER -DSTM32F072xB -c -I../Core/Inc -I../Drivers/STM32F0xx_HAL_Driver/Inc -I../Drivers/STM32F0xx_HAL_Driver/Inc/Legacy -I../Drivers/CMSIS/Device/ST/STM32F0xx/Include -I../Drivers/CMSIS/Include -O0 -ffunction-sections -fdata-sections -Wall -fstack-usage -fcyclomatic-complexity -MMD -MP -MF"Core/Src/main.d" -MT"Core/Src/main.o" --specs=nano.specs -mfloat-abi=soft -mthumb -o "Core/Src/main.o"
arm-none-eabi-gcc -o "AgoraVai.elf" @"objects.list"   -mcpu=cortex-m0 -T"C:\Users\pedro\STM32CubeIDE\workspace_1.13.1\AgoraVai\STM32F072RBTX_FLASH.ld" --specs=nosys.specs -Wl,-Map="AgoraVai.map" -Wl,--gc-sections -static --specs=nano.specs -mfloat-abi=soft -mthumb -Wl,--start-group -lc -lm -Wl,--end-group
Finished building target: AgoraVai.elf
 
arm-none-eabi-size   AgoraVai.elf 
arm-none-eabi-objdump -h -S  AgoraVai.elf  > "AgoraVai.list"
   text	   data	    bss	    dec	    hex	filename
  12004	     20	   2716	  14740	   3994	AgoraVai.elf
Finished building: default.size.stdout
 
Finished building: AgoraVai.list
 
21:22:11 **** Incremental Build of configuration Debug for project AgoraVai ****
make -j8 all 
arm-none-eabi-size   AgoraVai.elf 
   text	   data	    bss	    dec	    hex	filename
  12004	     20	   2716	  14740	   3994	AgoraVai.elf
Finished building: default.size.stdout
 
21:23:17 **** Incremental Build of configuration Debug for project AgoraVai ****
make -j8 all 
arm-none-eabi-size   AgoraVai.elf 
   text	   data	    bss	    dec	    hex	filename
  12004	     20	   2716	  14740	   3994	AgoraVai.elf
Finished building: default.size.stdout
 
21:28:33 **** Incremental Build of configuration Debug for project AgoraVai ****
make -j8 all 
arm-none-eabi-gcc "../Core/Src/main.c" -mcpu=cortex-m0 -std=gnu11 -g3 -DDEBUG -DUSE_HAL_DRIVER -DSTM32F072xB -c -I../Core/Inc -I../Drivers/STM32F0xx_HAL_Driver/Inc -I../Drivers/STM32F0xx_HAL_Driver/Inc/Legacy -I../Drivers/CMSIS/Device/ST/STM32F0xx/Include -I../Drivers/CMSIS/Include -O0 -ffunction-sections -fdata-sections -Wall -fstack-usage -fcyclomatic-complexity -MMD -MP -MF"Core/Src/main.d" -MT"Core/Src/main.o" --specs=nano.specs -mfloat-abi=soft -mthumb -o "Core/Src/main.o"
../Core/Src/main.c: In function 'main':
../Core/Src/main.c:113:21: error: invalid initializer
  113 |   uint8_t buf[12] = 0;
      |                     ^
make: *** [Core/Src/subdir.mk:34: Core/Src/main.o] Error 1
"make -j8 all" terminated with exit code 2. Build might be incomplete.
21:29:27 **** Incremental Build of configuration Debug for project AgoraVai ****
make -j8 all 
arm-none-eabi-gcc "../Core/Src/main.c" -mcpu=cortex-m0 -std=gnu11 -g3 -DDEBUG -DUSE_HAL_DRIVER -DSTM32F072xB -c -I../Core/Inc -I../Drivers/STM32F0xx_HAL_Driver/Inc -I../Drivers/STM32F0xx_HAL_Driver/Inc/Legacy -I../Drivers/CMSIS/Device/ST/STM32F0xx/Include -I../Drivers/CMSIS/Include -O0 -ffunction-sections -fdata-sections -Wall -fstack-usage -fcyclomatic-complexity -MMD -MP -MF"Core/Src/main.d" -MT"Core/Src/main.o" --specs=nano.specs -mfloat-abi=soft -mthumb -o "Core/Src/main.o"
arm-none-eabi-gcc -o "AgoraVai.elf" @"objects.list"   -mcpu=cortex-m0 -T"C:\Users\pedro\STM32CubeIDE\workspace_1.13.1\AgoraVai\STM32F072RBTX_FLASH.ld" --specs=nosys.specs -Wl,-Map="AgoraVai.map" -Wl,--gc-sections -static --specs=nano.specs -mfloat-abi=soft -mthumb -Wl,--start-group -lc -lm -Wl,--end-group
Finished building target: AgoraVai.elf
 
arm-none-eabi-size   AgoraVai.elf 
arm-none-eabi-objdump -h -S  AgoraVai.elf  > "AgoraVai.list"
   text	   data	    bss	    dec	    hex	filename
  12020	     20	   2716	  14756	   39a4	AgoraVai.elf
Finished building: default.size.stdout
 
Finished building: AgoraVai.list
 
21:31:19 **** Incremental Build of configuration Debug for project AgoraVai ****
make -j8 all 
arm-none-eabi-gcc "../Core/Src/main.c" -mcpu=cortex-m0 -std=gnu11 -g3 -DDEBUG -DUSE_HAL_DRIVER -DSTM32F072xB -c -I../Core/Inc -I../Drivers/STM32F0xx_HAL_Driver/Inc -I../Drivers/STM32F0xx_HAL_Driver/Inc/Legacy -I../Drivers/CMSIS/Device/ST/STM32F0xx/Include -I../Drivers/CMSIS/Include -O0 -ffunction-sections -fdata-sections -Wall -fstack-usage -fcyclomatic-complexity -MMD -MP -MF"Core/Src/main.d" -MT"Core/Src/main.o" --specs=nano.specs -mfloat-abi=soft -mthumb -o "Core/Src/main.o"
arm-none-eabi-gcc -o "AgoraVai.elf" @"objects.list"   -mcpu=cortex-m0 -T"C:\Users\pedro\STM32CubeIDE\workspace_1.13.1\AgoraVai\STM32F072RBTX_FLASH.ld" --specs=nosys.specs -Wl,-Map="AgoraVai.map" -Wl,--gc-sections -static --specs=nano.specs -mfloat-abi=soft -mthumb -Wl,--start-group -lc -lm -Wl,--end-group
Finished building target: AgoraVai.elf
 
arm-none-eabi-size   AgoraVai.elf 
arm-none-eabi-objdump -h -S  AgoraVai.elf  > "AgoraVai.list"
   text	   data	    bss	    dec	    hex	filename
  11940	     20	   2716	  14676	   3954	AgoraVai.elf
Finished building: default.size.stdout
 
Finished building: AgoraVai.list
 
21:33:12 **** Incremental Build of configuration Debug for project AgoraVai ****
make -j8 all 
arm-none-eabi-gcc "../Core/Src/main.c" -mcpu=cortex-m0 -std=gnu11 -g3 -DDEBUG -DUSE_HAL_DRIVER -DSTM32F072xB -c -I../Core/Inc -I../Drivers/STM32F0xx_HAL_Driver/Inc -I../Drivers/STM32F0xx_HAL_Driver/Inc/Legacy -I../Drivers/CMSIS/Device/ST/STM32F0xx/Include -I../Drivers/CMSIS/Include -O0 -ffunction-sections -fdata-sections -Wall -fstack-usage -fcyclomatic-complexity -MMD -MP -MF"Core/Src/main.d" -MT"Core/Src/main.o" --specs=nano.specs -mfloat-abi=soft -mthumb -o "Core/Src/main.o"
arm-none-eabi-gcc -o "AgoraVai.elf" @"objects.list"   -mcpu=cortex-m0 -T"C:\Users\pedro\STM32CubeIDE\workspace_1.13.1\AgoraVai\STM32F072RBTX_FLASH.ld" --specs=nosys.specs -Wl,-Map="AgoraVai.map" -Wl,--gc-sections -static --specs=nano.specs -mfloat-abi=soft -mthumb -Wl,--start-group -lc -lm -Wl,--end-group
Finished building target: AgoraVai.elf
 
arm-none-eabi-size   AgoraVai.elf 
arm-none-eabi-objdump -h -S  AgoraVai.elf  > "AgoraVai.list"
   text	   data	    bss	    dec	    hex	filename
  11924	     20	   2724	  14668	   394c	AgoraVai.elf
Finished building: default.size.stdout
 
Finished building: AgoraVai.list
 
21:35:10 **** Incremental Build of configuration Debug for project AgoraVai ****
make -j8 all 
arm-none-eabi-size   AgoraVai.elf 
   text	   data	    bss	    dec	    hex	filename
  11924	     20	   2724	  14668	   394c	AgoraVai.elf
Finished building: default.size.stdout
 
21:36:21 **** Incremental Build of configuration Debug for project AgoraVai ****
make -j8 all 
arm-none-eabi-gcc "../Core/Src/main.c" -mcpu=cortex-m0 -std=gnu11 -g3 -DDEBUG -DUSE_HAL_DRIVER -DSTM32F072xB -c -I../Core/Inc -I../Drivers/STM32F0xx_HAL_Driver/Inc -I../Drivers/STM32F0xx_HAL_Driver/Inc/Legacy -I../Drivers/CMSIS/Device/ST/STM32F0xx/Include -I../Drivers/CMSIS/Include -O0 -ffunction-sections -fdata-sections -Wall -fstack-usage -fcyclomatic-complexity -MMD -MP -MF"Core/Src/main.d" -MT"Core/Src/main.o" --specs=nano.specs -mfloat-abi=soft -mthumb -o "Core/Src/main.o"
arm-none-eabi-gcc -o "AgoraVai.elf" @"objects.list"   -mcpu=cortex-m0 -T"C:\Users\pedro\STM32CubeIDE\workspace_1.13.1\AgoraVai\STM32F072RBTX_FLASH.ld" --specs=nosys.specs -Wl,-Map="AgoraVai.map" -Wl,--gc-sections -static --specs=nano.specs -mfloat-abi=soft -mthumb -Wl,--start-group -lc -lm -Wl,--end-group
Finished building target: AgoraVai.elf
 
arm-none-eabi-size   AgoraVai.elf 
arm-none-eabi-objdump -h -S  AgoraVai.elf  > "AgoraVai.list"
   text	   data	    bss	    dec	    hex	filename
  12004	     20	   2724	  14748	   399c	AgoraVai.elf
Finished building: default.size.stdout
 
Finished building: AgoraVai.list
 
22:36:13 **** Incremental Build of configuration Debug for project AgoraVai ****
make -j8 all 
arm-none-eabi-size   AgoraVai.elf 
   text	   data	    bss	    dec	    hex	filename
  12004	     20	   2724	  14748	   399c	AgoraVai.elf
Finished building: default.size.stdout
 
22:36:45 **** Incremental Build of configuration Debug for project AgoraVai ****
make -j8 all 
arm-none-eabi-size   AgoraVai.elf 
   text	   data	    bss	    dec	    hex	filename
  12004	     20	   2724	  14748	   399c	AgoraVai.elf
Finished building: default.size.stdout
 
22:37:18 **** Incremental Build of configuration Debug for project AgoraVai ****
make -j8 all 
arm-none-eabi-size   AgoraVai.elf 
   text	   data	    bss	    dec	    hex	filename
  12004	     20	   2724	  14748	   399c	AgoraVai.elf
Finished building: default.size.stdout
 
22:38:45 **** Incremental Build of configuration Debug for project AgoraVai ****
make -j8 all 
arm-none-eabi-gcc "../Core/Src/main.c" -mcpu=cortex-m0 -std=gnu11 -g3 -DDEBUG -DUSE_HAL_DRIVER -DSTM32F072xB -c -I../Core/Inc -I../Drivers/STM32F0xx_HAL_Driver/Inc -I../Drivers/STM32F0xx_HAL_Driver/Inc/Legacy -I../Drivers/CMSIS/Device/ST/STM32F0xx/Include -I../Drivers/CMSIS/Include -O0 -ffunction-sections -fdata-sections -Wall -fstack-usage -fcyclomatic-complexity -MMD -MP -MF"Core/Src/main.d" -MT"Core/Src/main.o" --specs=nano.specs -mfloat-abi=soft -mthumb -o "Core/Src/main.o"
arm-none-eabi-gcc -o "AgoraVai.elf" @"objects.list"   -mcpu=cortex-m0 -T"C:\Users\pedro\STM32CubeIDE\workspace_1.13.1\AgoraVai\STM32F072RBTX_FLASH.ld" --specs=nosys.specs -Wl,-Map="AgoraVai.map" -Wl,--gc-sections -static --specs=nano.specs -mfloat-abi=soft -mthumb -Wl,--start-group -lc -lm -Wl,--end-group
Finished building target: AgoraVai.elf
 
arm-none-eabi-size   AgoraVai.elf 
arm-none-eabi-objdump -h -S  AgoraVai.elf  > "AgoraVai.list"
   text	   data	    bss	    dec	    hex	filename
  11924	     20	   2724	  14668	   394c	AgoraVai.elf
Finished building: default.size.stdout
 
Finished building: AgoraVai.list
 
22:49:10 **** Incremental Build of configuration Debug for project AgoraVai ****
make -j8 all 
arm-none-eabi-gcc "../Core/Src/main.c" -mcpu=cortex-m0 -std=gnu11 -g3 -DDEBUG -DUSE_HAL_DRIVER -DSTM32F072xB -c -I../Core/Inc -I../Drivers/STM32F0xx_HAL_Driver/Inc -I../Drivers/STM32F0xx_HAL_Driver/Inc/Legacy -I../Drivers/CMSIS/Device/ST/STM32F0xx/Include -I../Drivers/CMSIS/Include -O0 -ffunction-sections -fdata-sections -Wall -fstack-usage -fcyclomatic-complexity -MMD -MP -MF"Core/Src/main.d" -MT"Core/Src/main.o" --specs=nano.specs -mfloat-abi=soft -mthumb -o "Core/Src/main.o"
arm-none-eabi-gcc "../Core/Src/stm32f0xx_hal_msp.c" -mcpu=cortex-m0 -std=gnu11 -g3 -DDEBUG -DUSE_HAL_DRIVER -DSTM32F072xB -c -I../Core/Inc -I../Drivers/STM32F0xx_HAL_Driver/Inc -I../Drivers/STM32F0xx_HAL_Driver/Inc/Legacy -I../Drivers/CMSIS/Device/ST/STM32F0xx/Include -I../Drivers/CMSIS/Include -O0 -ffunction-sections -fdata-sections -Wall -fstack-usage -fcyclomatic-complexity -MMD -MP -MF"Core/Src/stm32f0xx_hal_msp.d" -MT"Core/Src/stm32f0xx_hal_msp.o" --specs=nano.specs -mfloat-abi=soft -mthumb -o "Core/Src/stm32f0xx_hal_msp.o"
arm-none-eabi-gcc "../Core/Src/stm32f0xx_it.c" -mcpu=cortex-m0 -std=gnu11 -g3 -DDEBUG -DUSE_HAL_DRIVER -DSTM32F072xB -c -I../Core/Inc -I../Drivers/STM32F0xx_HAL_Driver/Inc -I../Drivers/STM32F0xx_HAL_Driver/Inc/Legacy -I../Drivers/CMSIS/Device/ST/STM32F0xx/Include -I../Drivers/CMSIS/Include -O0 -ffunction-sections -fdata-sections -Wall -fstack-usage -fcyclomatic-complexity -MMD -MP -MF"Core/Src/stm32f0xx_it.d" -MT"Core/Src/stm32f0xx_it.o" --specs=nano.specs -mfloat-abi=soft -mthumb -o "Core/Src/stm32f0xx_it.o"
arm-none-eabi-gcc -o "AgoraVai.elf" @"objects.list"   -mcpu=cortex-m0 -T"C:\Users\pedro\STM32CubeIDE\workspace_1.13.1\AgoraVai\STM32F072RBTX_FLASH.ld" --specs=nosys.specs -Wl,-Map="AgoraVai.map" -Wl,--gc-sections -static --specs=nano.specs -mfloat-abi=soft -mthumb -Wl,--start-group -lc -lm -Wl,--end-group
Finished building target: AgoraVai.elf
 
arm-none-eabi-size   AgoraVai.elf 
arm-none-eabi-objdump -h -S  AgoraVai.elf  > "AgoraVai.list"
   text	   data	    bss	    dec	    hex	filename
  13944	     20	   2724	  16688	   4130	AgoraVai.elf
Finished building: default.size.stdout
 
Finished building: AgoraVai.list
 
22:52:25 **** Incremental Build of configuration Debug for project AgoraVai ****
make -j8 all 
arm-none-eabi-gcc "../Core/Src/main.c" -mcpu=cortex-m0 -std=gnu11 -g3 -DDEBUG -DUSE_HAL_DRIVER -DSTM32F072xB -c -I../Core/Inc -I../Drivers/STM32F0xx_HAL_Driver/Inc -I../Drivers/STM32F0xx_HAL_Driver/Inc/Legacy -I../Drivers/CMSIS/Device/ST/STM32F0xx/Include -I../Drivers/CMSIS/Include -O0 -ffunction-sections -fdata-sections -Wall -fstack-usage -fcyclomatic-complexity -MMD -MP -MF"Core/Src/main.d" -MT"Core/Src/main.o" --specs=nano.specs -mfloat-abi=soft -mthumb -o "Core/Src/main.o"
arm-none-eabi-gcc -o "AgoraVai.elf" @"objects.list"   -mcpu=cortex-m0 -T"C:\Users\pedro\STM32CubeIDE\workspace_1.13.1\AgoraVai\STM32F072RBTX_FLASH.ld" --specs=nosys.specs -Wl,-Map="AgoraVai.map" -Wl,--gc-sections -static --specs=nano.specs -mfloat-abi=soft -mthumb -Wl,--start-group -lc -lm -Wl,--end-group
Finished building target: AgoraVai.elf
 
arm-none-eabi-size   AgoraVai.elf 
arm-none-eabi-objdump -h -S  AgoraVai.elf  > "AgoraVai.list"
   text	   data	    bss	    dec	    hex	filename
  13916	     20	   2724	  16660	   4114	AgoraVai.elf
Finished building: default.size.stdout
 
Finished building: AgoraVai.list
 
23:09:17 **** Incremental Build of configuration Debug for project AgoraVai ****
make -j8 all 
arm-none-eabi-gcc "../Core/Src/main.c" -mcpu=cortex-m0 -std=gnu11 -g3 -DDEBUG -DUSE_HAL_DRIVER -DSTM32F072xB -c -I../Core/Inc -I../Drivers/STM32F0xx_HAL_Driver/Inc -I../Drivers/STM32F0xx_HAL_Driver/Inc/Legacy -I../Drivers/CMSIS/Device/ST/STM32F0xx/Include -I../Drivers/CMSIS/Include -O0 -ffunction-sections -fdata-sections -Wall -fstack-usage -fcyclomatic-complexity -MMD -MP -MF"Core/Src/main.d" -MT"Core/Src/main.o" --specs=nano.specs -mfloat-abi=soft -mthumb -o "Core/Src/main.o"
arm-none-eabi-gcc -o "AgoraVai.elf" @"objects.list"   -mcpu=cortex-m0 -T"C:\Users\pedro\STM32CubeIDE\workspace_1.13.1\AgoraVai\STM32F072RBTX_FLASH.ld" --specs=nosys.specs -Wl,-Map="AgoraVai.map" -Wl,--gc-sections -static --specs=nano.specs -mfloat-abi=soft -mthumb -Wl,--start-group -lc -lm -Wl,--end-group
Finished building target: AgoraVai.elf
 
arm-none-eabi-size   AgoraVai.elf 
arm-none-eabi-objdump -h -S  AgoraVai.elf  > "AgoraVai.list"
   text	   data	    bss	    dec	    hex	filename
  15448	     20	   2724	  18192	   4710	AgoraVai.elf
Finished building: default.size.stdout
 
Finished building: AgoraVai.list
 
23:14:20 **** Incremental Build of configuration Debug for project AgoraVai ****
make -j8 all 
arm-none-eabi-gcc "../Core/Src/main.c" -mcpu=cortex-m0 -std=gnu11 -g3 -DDEBUG -DUSE_HAL_DRIVER -DSTM32F072xB -c -I../Core/Inc -I../Drivers/STM32F0xx_HAL_Driver/Inc -I../Drivers/STM32F0xx_HAL_Driver/Inc/Legacy -I../Drivers/CMSIS/Device/ST/STM32F0xx/Include -I../Drivers/CMSIS/Include -O0 -ffunction-sections -fdata-sections -Wall -fstack-usage -fcyclomatic-complexity -MMD -MP -MF"Core/Src/main.d" -MT"Core/Src/main.o" --specs=nano.specs -mfloat-abi=soft -mthumb -o "Core/Src/main.o"
arm-none-eabi-gcc -o "AgoraVai.elf" @"objects.list"   -mcpu=cortex-m0 -T"C:\Users\pedro\STM32CubeIDE\workspace_1.13.1\AgoraVai\STM32F072RBTX_FLASH.ld" --specs=nosys.specs -Wl,-Map="AgoraVai.map" -Wl,--gc-sections -static --specs=nano.specs -mfloat-abi=soft -mthumb -Wl,--start-group -lc -lm -Wl,--end-group
Finished building target: AgoraVai.elf
 
arm-none-eabi-size   AgoraVai.elf 
arm-none-eabi-objdump -h -S  AgoraVai.elf  > "AgoraVai.list"
   text	   data	    bss	    dec	    hex	filename
  13952	     20	   2724	  16696	   4138	AgoraVai.elf
Finished building: default.size.stdout
 
Finished building: AgoraVai.list
 
23:15:00 **** Incremental Build of configuration Debug for project AgoraVai ****
make -j8 all 
arm-none-eabi-size   AgoraVai.elf 
   text	   data	    bss	    dec	    hex	filename
  13952	     20	   2724	  16696	   4138	AgoraVai.elf
Finished building: default.size.stdout
 
23:15:18 **** Incremental Build of configuration Debug for project AgoraVai ****
make -j8 all 
arm-none-eabi-size   AgoraVai.elf 
   text	   data	    bss	    dec	    hex	filename
  13952	     20	   2724	  16696	   4138	AgoraVai.elf
Finished building: default.size.stdout
 
23:15:51 **** Incremental Build of configuration Debug for project AgoraVai ****
make -j8 all 
arm-none-eabi-size   AgoraVai.elf 
   text	   data	    bss	    dec	    hex	filename
  13952	     20	   2724	  16696	   4138	AgoraVai.elf
Finished building: default.size.stdout
 
23:16:40 **** Incremental Build of configuration Debug for project AgoraVai ****
make -j8 all 
arm-none-eabi-gcc "../Core/Src/main.c" -mcpu=cortex-m0 -std=gnu11 -g3 -DDEBUG -DUSE_HAL_DRIVER -DSTM32F072xB -c -I../Core/Inc -I../Drivers/STM32F0xx_HAL_Driver/Inc -I../Drivers/STM32F0xx_HAL_Driver/Inc/Legacy -I../Drivers/CMSIS/Device/ST/STM32F0xx/Include -I../Drivers/CMSIS/Include -O0 -ffunction-sections -fdata-sections -Wall -fstack-usage -fcyclomatic-complexity -MMD -MP -MF"Core/Src/main.d" -MT"Core/Src/main.o" --specs=nano.specs -mfloat-abi=soft -mthumb -o "Core/Src/main.o"
arm-none-eabi-gcc -o "AgoraVai.elf" @"objects.list"   -mcpu=cortex-m0 -T"C:\Users\pedro\STM32CubeIDE\workspace_1.13.1\AgoraVai\STM32F072RBTX_FLASH.ld" --specs=nosys.specs -Wl,-Map="AgoraVai.map" -Wl,--gc-sections -static --specs=nano.specs -mfloat-abi=soft -mthumb -Wl,--start-group -lc -lm -Wl,--end-group
Finished building target: AgoraVai.elf
 
arm-none-eabi-size   AgoraVai.elf 
arm-none-eabi-objdump -h -S  AgoraVai.elf  > "AgoraVai.list"
   text	   data	    bss	    dec	    hex	filename
  15448	     20	   2724	  18192	   4710	AgoraVai.elf
Finished building: default.size.stdout
 
Finished building: AgoraVai.list
 
23:18:20 **** Incremental Build of configuration Debug for project AgoraVai ****
make -j8 all 
arm-none-eabi-gcc "../Core/Src/main.c" -mcpu=cortex-m0 -std=gnu11 -g3 -DDEBUG -DUSE_HAL_DRIVER -DSTM32F072xB -c -I../Core/Inc -I../Drivers/STM32F0xx_HAL_Driver/Inc -I../Drivers/STM32F0xx_HAL_Driver/Inc/Legacy -I../Drivers/CMSIS/Device/ST/STM32F0xx/Include -I../Drivers/CMSIS/Include -O0 -ffunction-sections -fdata-sections -Wall -fstack-usage -fcyclomatic-complexity -MMD -MP -MF"Core/Src/main.d" -MT"Core/Src/main.o" --specs=nano.specs -mfloat-abi=soft -mthumb -o "Core/Src/main.o"
arm-none-eabi-gcc -o "AgoraVai.elf" @"objects.list"   -mcpu=cortex-m0 -T"C:\Users\pedro\STM32CubeIDE\workspace_1.13.1\AgoraVai\STM32F072RBTX_FLASH.ld" --specs=nosys.specs -Wl,-Map="AgoraVai.map" -Wl,--gc-sections -static --specs=nano.specs -mfloat-abi=soft -mthumb -Wl,--start-group -lc -lm -Wl,--end-group
Finished building target: AgoraVai.elf
 
arm-none-eabi-size   AgoraVai.elf 
arm-none-eabi-objdump -h -S  AgoraVai.elf  > "AgoraVai.list"
   text	   data	    bss	    dec	    hex	filename
  15304	     20	   2724	  18048	   4680	AgoraVai.elf
Finished building: default.size.stdout
 
Finished building: AgoraVai.list
 
23:20:01 **** Incremental Build of configuration Debug for project AgoraVai ****
make -j8 all 
arm-none-eabi-size   AgoraVai.elf 
   text	   data	    bss	    dec	    hex	filename
  15304	     20	   2724	  18048	   4680	AgoraVai.elf
Finished building: default.size.stdout
 
23:24:10 **** Incremental Build of configuration Debug for project AgoraVai ****
make -j8 all 
arm-none-eabi-gcc "../Core/Src/main.c" -mcpu=cortex-m0 -std=gnu11 -g3 -DDEBUG -DUSE_HAL_DRIVER -DSTM32F072xB -c -I../Core/Inc -I../Drivers/STM32F0xx_HAL_Driver/Inc -I../Drivers/STM32F0xx_HAL_Driver/Inc/Legacy -I../Drivers/CMSIS/Device/ST/STM32F0xx/Include -I../Drivers/CMSIS/Include -O0 -ffunction-sections -fdata-sections -Wall -fstack-usage -fcyclomatic-complexity -MMD -MP -MF"Core/Src/main.d" -MT"Core/Src/main.o" --specs=nano.specs -mfloat-abi=soft -mthumb -o "Core/Src/main.o"
arm-none-eabi-gcc -o "AgoraVai.elf" @"objects.list"   -mcpu=cortex-m0 -T"C:\Users\pedro\STM32CubeIDE\workspace_1.13.1\AgoraVai\STM32F072RBTX_FLASH.ld" --specs=nosys.specs -Wl,-Map="AgoraVai.map" -Wl,--gc-sections -static --specs=nano.specs -mfloat-abi=soft -mthumb -Wl,--start-group -lc -lm -Wl,--end-group
Finished building target: AgoraVai.elf
 
arm-none-eabi-size   AgoraVai.elf 
arm-none-eabi-objdump -h -S  AgoraVai.elf  > "AgoraVai.list"
   text	   data	    bss	    dec	    hex	filename
  13952	     20	   2724	  16696	   4138	AgoraVai.elf
Finished building: default.size.stdout
 
Finished building: AgoraVai.list
 
23:25:37 **** Incremental Build of configuration Debug for project AgoraVai ****
make -j8 all 
arm-none-eabi-size   AgoraVai.elf 
   text	   data	    bss	    dec	    hex	filename
  13952	     20	   2724	  16696	   4138	AgoraVai.elf
Finished building: default.size.stdout
 
23:27:31 **** Incremental Build of configuration Debug for project AgoraVai ****
make -j8 all 
arm-none-eabi-size   AgoraVai.elf 
   text	   data	    bss	    dec	    hex	filename
  13952	     20	   2724	  16696	   4138	AgoraVai.elf
Finished building: default.size.stdout
 
23:28:56 **** Incremental Build of configuration Debug for project AgoraVai ****
make -j8 all 
arm-none-eabi-gcc "../Core/Src/main.c" -mcpu=cortex-m0 -std=gnu11 -g3 -DDEBUG -DUSE_HAL_DRIVER -DSTM32F072xB -c -I../Core/Inc -I../Drivers/STM32F0xx_HAL_Driver/Inc -I../Drivers/STM32F0xx_HAL_Driver/Inc/Legacy -I../Drivers/CMSIS/Device/ST/STM32F0xx/Include -I../Drivers/CMSIS/Include -O0 -ffunction-sections -fdata-sections -Wall -fstack-usage -fcyclomatic-complexity -MMD -MP -MF"Core/Src/main.d" -MT"Core/Src/main.o" --specs=nano.specs -mfloat-abi=soft -mthumb -o "Core/Src/main.o"
arm-none-eabi-gcc -o "AgoraVai.elf" @"objects.list"   -mcpu=cortex-m0 -T"C:\Users\pedro\STM32CubeIDE\workspace_1.13.1\AgoraVai\STM32F072RBTX_FLASH.ld" --specs=nosys.specs -Wl,-Map="AgoraVai.map" -Wl,--gc-sections -static --specs=nano.specs -mfloat-abi=soft -mthumb -Wl,--start-group -lc -lm -Wl,--end-group
Finished building target: AgoraVai.elf
 
arm-none-eabi-size   AgoraVai.elf 
arm-none-eabi-objdump -h -S  AgoraVai.elf  > "AgoraVai.list"
   text	   data	    bss	    dec	    hex	filename
  15304	     20	   2724	  18048	   4680	AgoraVai.elf
Finished building: default.size.stdout
 
Finished building: AgoraVai.list
 
23:32:33 **** Incremental Build of configuration Debug for project AgoraVai ****
make -j8 all 
arm-none-eabi-gcc "../Core/Src/main.c" -mcpu=cortex-m0 -std=gnu11 -g3 -DDEBUG -DUSE_HAL_DRIVER -DSTM32F072xB -c -I../Core/Inc -I../Drivers/STM32F0xx_HAL_Driver/Inc -I../Drivers/STM32F0xx_HAL_Driver/Inc/Legacy -I../Drivers/CMSIS/Device/ST/STM32F0xx/Include -I../Drivers/CMSIS/Include -O0 -ffunction-sections -fdata-sections -Wall -fstack-usage -fcyclomatic-complexity -MMD -MP -MF"Core/Src/main.d" -MT"Core/Src/main.o" --specs=nano.specs -mfloat-abi=soft -mthumb -o "Core/Src/main.o"
arm-none-eabi-gcc -o "AgoraVai.elf" @"objects.list"   -mcpu=cortex-m0 -T"C:\Users\pedro\STM32CubeIDE\workspace_1.13.1\AgoraVai\STM32F072RBTX_FLASH.ld" --specs=nosys.specs -Wl,-Map="AgoraVai.map" -Wl,--gc-sections -static --specs=nano.specs -mfloat-abi=soft -mthumb -Wl,--start-group -lc -lm -Wl,--end-group
Finished building target: AgoraVai.elf
 
arm-none-eabi-size   AgoraVai.elf 
arm-none-eabi-objdump -h -S  AgoraVai.elf  > "AgoraVai.list"
   text	   data	    bss	    dec	    hex	filename
  13952	     20	   2724	  16696	   4138	AgoraVai.elf
Finished building: default.size.stdout
 
Finished building: AgoraVai.list
 
11:25:26 **** Incremental Build of configuration Debug for project AgoraVai ****
make -j8 all 
arm-none-eabi-size   AgoraVai.elf 
   text	   data	    bss	    dec	    hex	filename
  13952	     20	   2724	  16696	   4138	AgoraVai.elf
Finished building: default.size.stdout
 
11:26:37 **** Incremental Build of configuration Debug for project AgoraVai ****
make -j8 all 
arm-none-eabi-gcc "../Core/Src/main.c" -mcpu=cortex-m0 -std=gnu11 -g3 -DDEBUG -DUSE_HAL_DRIVER -DSTM32F072xB -c -I../Core/Inc -I../Drivers/STM32F0xx_HAL_Driver/Inc -I../Drivers/STM32F0xx_HAL_Driver/Inc/Legacy -I../Drivers/CMSIS/Device/ST/STM32F0xx/Include -I../Drivers/CMSIS/Include -O0 -ffunction-sections -fdata-sections -Wall -fstack-usage -fcyclomatic-complexity -MMD -MP -MF"Core/Src/main.d" -MT"Core/Src/main.o" --specs=nano.specs -mfloat-abi=soft -mthumb -o "Core/Src/main.o"
../Core/Src/main.c: In function 'main':
../Core/Src/main.c:124:11: warning: implicit declaration of function 'delay' [-Wimplicit-function-declaration]
  124 |           delay(500);
      |           ^~~~~
arm-none-eabi-gcc -o "AgoraVai.elf" @"objects.list"   -mcpu=cortex-m0 -T"C:\Users\pedro\STM32CubeIDE\workspace_1.13.1\AgoraVai\STM32F072RBTX_FLASH.ld" --specs=nosys.specs -Wl,-Map="AgoraVai.map" -Wl,--gc-sections -static --specs=nano.specs -mfloat-abi=soft -mthumb -Wl,--start-group -lc -lm -Wl,--end-group
C:/ST/STM32CubeIDE_1.13.1/STM32CubeIDE/plugins/com.st.stm32cube.ide.mcu.externaltools.gnu-tools-for-stm32.11.3.rel1.win32_1.1.0.202305231506/tools/bin/../lib/gcc/arm-none-eabi/11.3.1/../../../../arm-none-eabi/bin/ld.exe: ./Core/Src/main.o: in function `main':
C:/Users/pedro/STM32CubeIDE/workspace_1.13.1/AgoraVai/Debug/../Core/Src/main.c:124: undefined reference to `delay'
collect2.exe: error: ld returned 1 exit status
make: *** [makefile:64: AgoraVai.elf] Error 1
"make -j8 all" terminated with exit code 2. Build might be incomplete.
11:26:54 **** Incremental Build of configuration Debug for project AgoraVai ****
make -j8 all 
arm-none-eabi-gcc "../Core/Src/main.c" -mcpu=cortex-m0 -std=gnu11 -g3 -DDEBUG -DUSE_HAL_DRIVER -DSTM32F072xB -c -I../Core/Inc -I../Drivers/STM32F0xx_HAL_Driver/Inc -I../Drivers/STM32F0xx_HAL_Driver/Inc/Legacy -I../Drivers/CMSIS/Device/ST/STM32F0xx/Include -I../Drivers/CMSIS/Include -O0 -ffunction-sections -fdata-sections -Wall -fstack-usage -fcyclomatic-complexity -MMD -MP -MF"Core/Src/main.d" -MT"Core/Src/main.o" --specs=nano.specs -mfloat-abi=soft -mthumb -o "Core/Src/main.o"
arm-none-eabi-gcc -o "AgoraVai.elf" @"objects.list"   -mcpu=cortex-m0 -T"C:\Users\pedro\STM32CubeIDE\workspace_1.13.1\AgoraVai\STM32F072RBTX_FLASH.ld" --specs=nosys.specs -Wl,-Map="AgoraVai.map" -Wl,--gc-sections -static --specs=nano.specs -mfloat-abi=soft -mthumb -Wl,--start-group -lc -lm -Wl,--end-group
Finished building target: AgoraVai.elf
 
arm-none-eabi-size   AgoraVai.elf 
arm-none-eabi-objdump -h -S  AgoraVai.elf  > "AgoraVai.list"
   text	   data	    bss	    dec	    hex	filename
  14032	     20	   2724	  16776	   4188	AgoraVai.elf
Finished building: default.size.stdout
 
Finished building: AgoraVai.list
 
11:27:57 **** Incremental Build of configuration Debug for project AgoraVai ****
make -j8 all 
arm-none-eabi-gcc "../Core/Src/main.c" -mcpu=cortex-m0 -std=gnu11 -g3 -DDEBUG -DUSE_HAL_DRIVER -DSTM32F072xB -c -I../Core/Inc -I../Drivers/STM32F0xx_HAL_Driver/Inc -I../Drivers/STM32F0xx_HAL_Driver/Inc/Legacy -I../Drivers/CMSIS/Device/ST/STM32F0xx/Include -I../Drivers/CMSIS/Include -O0 -ffunction-sections -fdata-sections -Wall -fstack-usage -fcyclomatic-complexity -MMD -MP -MF"Core/Src/main.d" -MT"Core/Src/main.o" --specs=nano.specs -mfloat-abi=soft -mthumb -o "Core/Src/main.o"
arm-none-eabi-gcc -o "AgoraVai.elf" @"objects.list"   -mcpu=cortex-m0 -T"C:\Users\pedro\STM32CubeIDE\workspace_1.13.1\AgoraVai\STM32F072RBTX_FLASH.ld" --specs=nosys.specs -Wl,-Map="AgoraVai.map" -Wl,--gc-sections -static --specs=nano.specs -mfloat-abi=soft -mthumb -Wl,--start-group -lc -lm -Wl,--end-group
Finished building target: AgoraVai.elf
 
arm-none-eabi-size   AgoraVai.elf 
arm-none-eabi-objdump -h -S  AgoraVai.elf  > "AgoraVai.list"
   text	   data	    bss	    dec	    hex	filename
  14032	     20	   2724	  16776	   4188	AgoraVai.elf
Finished building: default.size.stdout
 
Finished building: AgoraVai.list
 
11:32:16 **** Incremental Build of configuration Debug for project AgoraVai ****
make -j8 all 
arm-none-eabi-gcc "../Core/Src/main.c" -mcpu=cortex-m0 -std=gnu11 -g3 -DDEBUG -DUSE_HAL_DRIVER -DSTM32F072xB -c -I../Core/Inc -I../Drivers/STM32F0xx_HAL_Driver/Inc -I../Drivers/STM32F0xx_HAL_Driver/Inc/Legacy -I../Drivers/CMSIS/Device/ST/STM32F0xx/Include -I../Drivers/CMSIS/Include -O0 -ffunction-sections -fdata-sections -Wall -fstack-usage -fcyclomatic-complexity -MMD -MP -MF"Core/Src/main.d" -MT"Core/Src/main.o" --specs=nano.specs -mfloat-abi=soft -mthumb -o "Core/Src/main.o"
arm-none-eabi-gcc -o "AgoraVai.elf" @"objects.list"   -mcpu=cortex-m0 -T"C:\Users\pedro\STM32CubeIDE\workspace_1.13.1\AgoraVai\STM32F072RBTX_FLASH.ld" --specs=nosys.specs -Wl,-Map="AgoraVai.map" -Wl,--gc-sections -static --specs=nano.specs -mfloat-abi=soft -mthumb -Wl,--start-group -lc -lm -Wl,--end-group
Finished building target: AgoraVai.elf
 
arm-none-eabi-size   AgoraVai.elf 
arm-none-eabi-objdump -h -S  AgoraVai.elf  > "AgoraVai.list"
   text	   data	    bss	    dec	    hex	filename
  13952	     20	   2812	  16784	   4190	AgoraVai.elf
Finished building: default.size.stdout
 
Finished building: AgoraVai.list
 
11:33:48 **** Incremental Build of configuration Debug for project AgoraVai ****
make -j8 all 
arm-none-eabi-size   AgoraVai.elf 
   text	   data	    bss	    dec	    hex	filename
  13952	     20	   2812	  16784	   4190	AgoraVai.elf
Finished building: default.size.stdout
 
11:41:50 **** Incremental Build of configuration Debug for project AgoraVai ****
make -j8 all 
arm-none-eabi-gcc "../Core/Src/main.c" -mcpu=cortex-m0 -std=gnu11 -g3 -DDEBUG -DUSE_HAL_DRIVER -DSTM32F072xB -c -I../Core/Inc -I../Drivers/STM32F0xx_HAL_Driver/Inc -I../Drivers/STM32F0xx_HAL_Driver/Inc/Legacy -I../Drivers/CMSIS/Device/ST/STM32F0xx/Include -I../Drivers/CMSIS/Include -O0 -ffunction-sections -fdata-sections -Wall -fstack-usage -fcyclomatic-complexity -MMD -MP -MF"Core/Src/main.d" -MT"Core/Src/main.o" --specs=nano.specs -mfloat-abi=soft -mthumb -o "Core/Src/main.o"
arm-none-eabi-gcc -o "AgoraVai.elf" @"objects.list"   -mcpu=cortex-m0 -T"C:\Users\pedro\STM32CubeIDE\workspace_1.13.1\AgoraVai\STM32F072RBTX_FLASH.ld" --specs=nosys.specs -Wl,-Map="AgoraVai.map" -Wl,--gc-sections -static --specs=nano.specs -mfloat-abi=soft -mthumb -Wl,--start-group -lc -lm -Wl,--end-group
Finished building target: AgoraVai.elf
 
arm-none-eabi-size   AgoraVai.elf 
arm-none-eabi-objdump -h -S  AgoraVai.elf  > "AgoraVai.list"
   text	   data	    bss	    dec	    hex	filename
  13952	     20	   2724	  16696	   4138	AgoraVai.elf
Finished building: default.size.stdout
 
Finished building: AgoraVai.list
 
11:42:53 **** Incremental Build of configuration Debug for project AgoraVai ****
make -j8 all 
arm-none-eabi-gcc "../Core/Src/main.c" -mcpu=cortex-m0 -std=gnu11 -g3 -DDEBUG -DUSE_HAL_DRIVER -DSTM32F072xB -c -I../Core/Inc -I../Drivers/STM32F0xx_HAL_Driver/Inc -I../Drivers/STM32F0xx_HAL_Driver/Inc/Legacy -I../Drivers/CMSIS/Device/ST/STM32F0xx/Include -I../Drivers/CMSIS/Include -O0 -ffunction-sections -fdata-sections -Wall -fstack-usage -fcyclomatic-complexity -MMD -MP -MF"Core/Src/main.d" -MT"Core/Src/main.o" --specs=nano.specs -mfloat-abi=soft -mthumb -o "Core/Src/main.o"
arm-none-eabi-gcc -o "AgoraVai.elf" @"objects.list"   -mcpu=cortex-m0 -T"C:\Users\pedro\STM32CubeIDE\workspace_1.13.1\AgoraVai\STM32F072RBTX_FLASH.ld" --specs=nosys.specs -Wl,-Map="AgoraVai.map" -Wl,--gc-sections -static --specs=nano.specs -mfloat-abi=soft -mthumb -Wl,--start-group -lc -lm -Wl,--end-group
Finished building target: AgoraVai.elf
 
arm-none-eabi-size   AgoraVai.elf 
arm-none-eabi-objdump -h -S  AgoraVai.elf  > "AgoraVai.list"
   text	   data	    bss	    dec	    hex	filename
  14964	     20	   2724	  17708	   452c	AgoraVai.elf
Finished building: default.size.stdout
 
Finished building: AgoraVai.list
 
11:46:19 **** Incremental Build of configuration Debug for project AgoraVai ****
make -j8 all 
arm-none-eabi-gcc "../Core/Src/main.c" -mcpu=cortex-m0 -std=gnu11 -g3 -DDEBUG -DUSE_HAL_DRIVER -DSTM32F072xB -c -I../Core/Inc -I../Drivers/STM32F0xx_HAL_Driver/Inc -I../Drivers/STM32F0xx_HAL_Driver/Inc/Legacy -I../Drivers/CMSIS/Device/ST/STM32F0xx/Include -I../Drivers/CMSIS/Include -O0 -ffunction-sections -fdata-sections -Wall -fstack-usage -fcyclomatic-complexity -MMD -MP -MF"Core/Src/main.d" -MT"Core/Src/main.o" --specs=nano.specs -mfloat-abi=soft -mthumb -o "Core/Src/main.o"
arm-none-eabi-gcc -o "AgoraVai.elf" @"objects.list"   -mcpu=cortex-m0 -T"C:\Users\pedro\STM32CubeIDE\workspace_1.13.1\AgoraVai\STM32F072RBTX_FLASH.ld" --specs=nosys.specs -Wl,-Map="AgoraVai.map" -Wl,--gc-sections -static --specs=nano.specs -mfloat-abi=soft -mthumb -Wl,--start-group -lc -lm -Wl,--end-group
Finished building target: AgoraVai.elf
 
arm-none-eabi-size   AgoraVai.elf 
arm-none-eabi-objdump -h -S  AgoraVai.elf  > "AgoraVai.list"
   text	   data	    bss	    dec	    hex	filename
  13952	     20	   2716	  16688	   4130	AgoraVai.elf
Finished building: default.size.stdout
 
Finished building: AgoraVai.list
 
11:58:00 **** Incremental Build of configuration Debug for project AgoraVai ****
make -j8 all 
[...]
Finished building target: EuSouMelhorQueIsso.elf
 
arm-none-eabi-size   EuSouMelhorQueIsso.elf 
arm-none-eabi-objdump -h -S  EuSouMelhorQueIsso.elf  > "EuSouMelhorQueIsso.list"
   text	   data	    bss	    dec	    hex	filename
  24228	    100	   3044	  27372	   6aec	EuSouMelhorQueIsso.elf
Finished building: default.size.stdout
 
Finished building: EuSouMelhorQueIsso.list
 
17:09:26 **** Incremental Build of configuration Debug for project EuSouMelhorQueIsso ****
make -j8 all 
arm-none-eabi-size   EuSouMelhorQueIsso.elf 
   text	   data	    bss	    dec	    hex	filename
  24228	    100	   3044	  27372	   6aec	EuSouMelhorQueIsso.elf
Finished building: default.size.stdout
 
17:10:04 **** Incremental Build of configuration Debug for project EuSouMelhorQueIsso ****
make -j8 all 
arm-none-eabi-gcc "../Core/Src/main.c" -mcpu=cortex-m0 -std=gnu11 -g3 -DDEBUG -DUSE_HAL_DRIVER -DSTM32F072xB -c -I../Core/Inc -I../Drivers/STM32F0xx_HAL_Driver/Inc -I../Drivers/STM32F0xx_HAL_Driver/Inc/Legacy -I../Drivers/CMSIS/Device/ST/STM32F0xx/Include -I../Drivers/CMSIS/Include -O0 -ffunction-sections -fdata-sections -Wall -fstack-usage -fcyclomatic-complexity -MMD -MP -MF"Core/Src/main.d" -MT"Core/Src/main.o" --specs=nano.specs -mfloat-abi=soft -mthumb -o "Core/Src/main.o"
../Core/Src/main.c: In function 'main':
../Core/Src/main.c:134:14: error: 'MemoryRecall' undeclared (first use in this function)
  134 |   EnviarCmd(&MemoryRecall, &status, 4);
      |              ^~~~~~~~~~~~
../Core/Src/main.c:134:14: note: each undeclared identifier is reported only once for each function it appears in
../Core/Src/main.c:125:11: warning: unused variable 'writeRegister2' [-Wunused-variable]
  125 |   uint8_t writeRegister2[4] = {0x60, 0x02, 0xB4, 0x08};
      |           ^~~~~~~~~~~~~~
../Core/Src/main.c:124:11: warning: unused variable 'writeRegister1' [-Wunused-variable]
  124 |   uint8_t writeRegister1[4] = {0x60, 0x00, 0x5C, 0x00};
      |           ^~~~~~~~~~~~~~
../Core/Src/main.c:123:12: warning: variable 'registe' set but not used [-Wunused-but-set-variable]
  123 |   uint16_t registe;
      |            ^~~~~~~
make: *** [Core/Src/subdir.mk:34: Core/Src/main.o] Error 1
"make -j8 all" terminated with exit code 2. Build might be incomplete.
17:10:16 **** Incremental Build of configuration Debug for project EuSouMelhorQueIsso ****
make -j8 all 
arm-none-eabi-gcc "../Core/Src/main.c" -mcpu=cortex-m0 -std=gnu11 -g3 -DDEBUG -DUSE_HAL_DRIVER -DSTM32F072xB -c -I../Core/Inc -I../Drivers/STM32F0xx_HAL_Driver/Inc -I../Drivers/STM32F0xx_HAL_Driver/Inc/Legacy -I../Drivers/CMSIS/Device/ST/STM32F0xx/Include -I../Drivers/CMSIS/Include -O0 -ffunction-sections -fdata-sections -Wall -fstack-usage -fcyclomatic-complexity -MMD -MP -MF"Core/Src/main.d" -MT"Core/Src/main.o" --specs=nano.specs -mfloat-abi=soft -mthumb -o "Core/Src/main.o"
../Core/Src/main.c: In function 'main':
../Core/Src/main.c:125:11: warning: unused variable 'writeRegister2' [-Wunused-variable]
  125 |   uint8_t writeRegister2[4] = {0x60, 0x02, 0xB4, 0x08};
      |           ^~~~~~~~~~~~~~
../Core/Src/main.c:124:11: warning: unused variable 'writeRegister1' [-Wunused-variable]
  124 |   uint8_t writeRegister1[4] = {0x60, 0x00, 0x5C, 0x00};
      |           ^~~~~~~~~~~~~~
../Core/Src/main.c:123:12: warning: variable 'registe' set but not used [-Wunused-but-set-variable]
  123 |   uint16_t registe;
      |            ^~~~~~~
arm-none-eabi-gcc -o "EuSouMelhorQueIsso.elf" @"objects.list"   -mcpu=cortex-m0 -T"C:\Users\pedro\STM32CubeIDE\workspace_1.13.1\EuSouMelhorQueIsso\STM32F072RBTX_FLASH.ld" --specs=nosys.specs -Wl,-Map="EuSouMelhorQueIsso.map" -Wl,--gc-sections -static --specs=nano.specs -mfloat-abi=soft -mthumb -Wl,--start-group -lc -lm -Wl,--end-group
Finished building target: EuSouMelhorQueIsso.elf
 
arm-none-eabi-size   EuSouMelhorQueIsso.elf 
arm-none-eabi-objdump -h -S  EuSouMelhorQueIsso.elf  > "EuSouMelhorQueIsso.list"
   text	   data	    bss	    dec	    hex	filename
  24224	    100	   3044	  27368	   6ae8	EuSouMelhorQueIsso.elf
Finished building: default.size.stdout
 
Finished building: EuSouMelhorQueIsso.list
 
11:11:58 **** Build of configuration Debug for project EuSouMelhorQueIsso ****
make -j8 all 
arm-none-eabi-gcc "../Core/Src/main.c" -mcpu=cortex-m0 -std=gnu11 -g3 -DDEBUG -DUSE_HAL_DRIVER -DSTM32F072xB -c -I../Core/Inc -I../Drivers/STM32F0xx_HAL_Driver/Inc -I../Drivers/STM32F0xx_HAL_Driver/Inc/Legacy -I../Drivers/CMSIS/Device/ST/STM32F0xx/Include -I../Drivers/CMSIS/Include -O0 -ffunction-sections -fdata-sections -Wall -fstack-usage -fcyclomatic-complexity -MMD -MP -MF"Core/Src/main.d" -MT"Core/Src/main.o" --specs=nano.specs -mfloat-abi=soft -mthumb -o "Core/Src/main.o"
../Core/Src/main.c: In function 'main':
../Core/Src/main.c:126:11: warning: unused variable 'writeRegister2' [-Wunused-variable]
  126 |   uint8_t writeRegister2[4] = {0x60, 0x02, 0xB4, 0x08};
      |           ^~~~~~~~~~~~~~
../Core/Src/main.c:125:11: warning: unused variable 'writeRegister1' [-Wunused-variable]
  125 |   uint8_t writeRegister1[4] = {0x60, 0x00, 0x5C, 0x00};
      |           ^~~~~~~~~~~~~~
../Core/Src/main.c:123:11: warning: unused variable 'registeBuf' [-Wunused-variable]
  123 |   uint8_t registeBuf[2] = {0};
      |           ^~~~~~~~~~
../Core/Src/main.c: In function 'READ_REGISTER':
../Core/Src/main.c:511:42: warning: passing argument 3 of 'LerCmd' makes pointer from integer without a cast [-Wint-conversion]
  511 |         LerCmd(readRegister, registeBuf, 2, 2);
      |                                          ^
      |                                          |
      |                                          int
../Core/Src/main.c:491:53: note: expected 'uint8_t *' {aka 'unsigned char *'} but argument is of type 'int'
  491 | void LerCmd(uint8_t* cmd, uint8_t* status, uint8_t* buf, uint16_t Size, uint16_t Size1){
      |                                            ~~~~~~~~~^~~
../Core/Src/main.c:511:9: error: too few arguments to function 'LerCmd'
  511 |         LerCmd(readRegister, registeBuf, 2, 2);
      |         ^~~~~~
../Core/Src/main.c:491:6: note: declared here
  491 | void LerCmd(uint8_t* cmd, uint8_t* status, uint8_t* buf, uint16_t Size, uint16_t Size1){
      |      ^~~~~~
make: *** [Core/Src/subdir.mk:34: Core/Src/main.o] Error 1
"make -j8 all" terminated with exit code 2. Build might be incomplete.
11:19:19 **** Incremental Build of configuration Debug for project EuSouMelhorQueIsso ****
make -j8 all 
arm-none-eabi-gcc "../Core/Src/main.c" -mcpu=cortex-m0 -std=gnu11 -g3 -DDEBUG -DUSE_HAL_DRIVER -DSTM32F072xB -c -I../Core/Inc -I../Drivers/STM32F0xx_HAL_Driver/Inc -I../Drivers/STM32F0xx_HAL_Driver/Inc/Legacy -I../Drivers/CMSIS/Device/ST/STM32F0xx/Include -I../Drivers/CMSIS/Include -O0 -ffunction-sections -fdata-sections -Wall -fstack-usage -fcyclomatic-complexity -MMD -MP -MF"Core/Src/main.d" -MT"Core/Src/main.o" --specs=nano.specs -mfloat-abi=soft -mthumb -o "Core/Src/main.o"
../Core/Src/main.c: In function 'main':
../Core/Src/main.c:125:11: warning: unused variable 'writeRegister2' [-Wunused-variable]
  125 |   uint8_t writeRegister2[4] = {0x60, 0x02, 0xB4, 0x08};
      |           ^~~~~~~~~~~~~~
../Core/Src/main.c:124:11: warning: unused variable 'writeRegister1' [-Wunused-variable]
  124 |   uint8_t writeRegister1[4] = {0x60, 0x00, 0x5C, 0x00};
      |           ^~~~~~~~~~~~~~
../Core/Src/main.c:122:11: warning: unused variable 'registeBuf' [-Wunused-variable]
  122 |   uint8_t registeBuf[2] = {0};
      |           ^~~~~~~~~~
arm-none-eabi-gcc -o "EuSouMelhorQueIsso.elf" @"objects.list"   -mcpu=cortex-m0 -T"C:\Users\pedro\STM32CubeIDE\workspace_1.13.1\EuSouMelhorQueIsso\STM32F072RBTX_FLASH.ld" --specs=nosys.specs -Wl,-Map="EuSouMelhorQueIsso.map" -Wl,--gc-sections -static --specs=nano.specs -mfloat-abi=soft -mthumb -Wl,--start-group -lc -lm -Wl,--end-group
Finished building target: EuSouMelhorQueIsso.elf
 
arm-none-eabi-size   EuSouMelhorQueIsso.elf 
arm-none-eabi-objdump -h -S  EuSouMelhorQueIsso.elf  > "EuSouMelhorQueIsso.list"
   text	   data	    bss	    dec	    hex	filename
  24172	    100	   3052	  27324	   6abc	EuSouMelhorQueIsso.elf
Finished building: default.size.stdout
 
Finished building: EuSouMelhorQueIsso.list
 
11:20:28 **** Incremental Build of configuration Debug for project EuSouMelhorQueIsso ****
make -j8 all 
arm-none-eabi-size   EuSouMelhorQueIsso.elf 
   text	   data	    bss	    dec	    hex	filename
  24172	    100	   3052	  27324	   6abc	EuSouMelhorQueIsso.elf
Finished building: default.size.stdout
 
11:20:49 **** Incremental Build of configuration Debug for project EuSouMelhorQueIsso ****
make -j8 all 
arm-none-eabi-gcc "../Core/Src/main.c" -mcpu=cortex-m0 -std=gnu11 -g3 -DDEBUG -DUSE_HAL_DRIVER -DSTM32F072xB -c -I../Core/Inc -I../Drivers/STM32F0xx_HAL_Driver/Inc -I../Drivers/STM32F0xx_HAL_Driver/Inc/Legacy -I../Drivers/CMSIS/Device/ST/STM32F0xx/Include -I../Drivers/CMSIS/Include -O0 -ffunction-sections -fdata-sections -Wall -fstack-usage -fcyclomatic-complexity -MMD -MP -MF"Core/Src/main.d" -MT"Core/Src/main.o" --specs=nano.specs -mfloat-abi=soft -mthumb -o "Core/Src/main.o"
../Core/Src/main.c: In function 'main':
../Core/Src/main.c:129:29: warning: passing argument 2 of 'EnviarCmd' makes integer from pointer without a cast [-Wint-conversion]
  129 |   EnviarCmd(writeRegister1, &status, 4);
      |                             ^~~~~~~
      |                             |
      |                             uint8_t * {aka unsigned char *}
../Core/Src/main.c:67:39: note: expected 'uint16_t' {aka 'short unsigned int'} but argument is of type 'uint8_t *' {aka 'unsigned char *'}
   67 | void EnviarCmd(uint8_t* cmd, uint16_t Size);
      |                              ~~~~~~~~~^~~~
../Core/Src/main.c:129:3: error: too many arguments to function 'EnviarCmd'
  129 |   EnviarCmd(writeRegister1, &status, 4);
      |   ^~~~~~~~~
../Core/Src/main.c:67:6: note: declared here
   67 | void EnviarCmd(uint8_t* cmd, uint16_t Size);
      |      ^~~~~~~~~
../Core/Src/main.c:130:29: warning: passing argument 2 of 'EnviarCmd' makes integer from pointer without a cast [-Wint-conversion]
  130 |   EnviarCmd(writeRegister2, &status, 4);
      |                             ^~~~~~~
      |                             |
      |                             uint8_t * {aka unsigned char *}
../Core/Src/main.c:67:39: note: expected 'uint16_t' {aka 'short unsigned int'} but argument is of type 'uint8_t *' {aka 'unsigned char *'}
   67 | void EnviarCmd(uint8_t* cmd, uint16_t Size);
      |                              ~~~~~~~~~^~~~
../Core/Src/main.c:130:3: error: too many arguments to function 'EnviarCmd'
  130 |   EnviarCmd(writeRegister2, &status, 4);
      |   ^~~~~~~~~
../Core/Src/main.c:67:6: note: declared here
   67 | void EnviarCmd(uint8_t* cmd, uint16_t Size);
      |      ^~~~~~~~~
../Core/Src/main.c:122:11: warning: unused variable 'registeBuf' [-Wunused-variable]
  122 |   uint8_t registeBuf[2] = {0};
      |           ^~~~~~~~~~
../Core/Src/main.c:118:11: warning: unused variable 'MemoryRecall' [-Wunused-variable]
  118 |   uint8_t MemoryRecall = 0xD0;
      |           ^~~~~~~~~~~~
make: *** [Core/Src/subdir.mk:34: Core/Src/main.o] Error 1
"make -j8 all" terminated with exit code 2. Build might be incomplete.
11:20:54 **** Incremental Build of configuration Debug for project EuSouMelhorQueIsso ****
make -j8 all 
arm-none-eabi-gcc "../Core/Src/main.c" -mcpu=cortex-m0 -std=gnu11 -g3 -DDEBUG -DUSE_HAL_DRIVER -DSTM32F072xB -c -I../Core/Inc -I../Drivers/STM32F0xx_HAL_Driver/Inc -I../Drivers/STM32F0xx_HAL_Driver/Inc/Legacy -I../Drivers/CMSIS/Device/ST/STM32F0xx/Include -I../Drivers/CMSIS/Include -O0 -ffunction-sections -fdata-sections -Wall -fstack-usage -fcyclomatic-complexity -MMD -MP -MF"Core/Src/main.d" -MT"Core/Src/main.o" --specs=nano.specs -mfloat-abi=soft -mthumb -o "Core/Src/main.o"
../Core/Src/main.c: In function 'main':
../Core/Src/main.c:129:29: warning: passing argument 2 of 'EnviarCmd' makes integer from pointer without a cast [-Wint-conversion]
  129 |   EnviarCmd(writeRegister1, &status, 4);
      |                             ^~~~~~~
      |                             |
      |                             uint8_t * {aka unsigned char *}
../Core/Src/main.c:67:39: note: expected 'uint16_t' {aka 'short unsigned int'} but argument is of type 'uint8_t *' {aka 'unsigned char *'}
   67 | void EnviarCmd(uint8_t* cmd, uint16_t Size);
      |                              ~~~~~~~~~^~~~
../Core/Src/main.c:129:3: error: too many arguments to function 'EnviarCmd'
  129 |   EnviarCmd(writeRegister1, &status, 4);
      |   ^~~~~~~~~
../Core/Src/main.c:67:6: note: declared here
   67 | void EnviarCmd(uint8_t* cmd, uint16_t Size);
      |      ^~~~~~~~~
../Core/Src/main.c:130:29: warning: passing argument 2 of 'EnviarCmd' makes integer from pointer without a cast [-Wint-conversion]
  130 |   EnviarCmd(writeRegister2, &status, 4);
      |                             ^~~~~~~
      |                             |
      |                             uint8_t * {aka unsigned char *}
../Core/Src/main.c:67:39: note: expected 'uint16_t' {aka 'short unsigned int'} but argument is of type 'uint8_t *' {aka 'unsigned char *'}
   67 | void EnviarCmd(uint8_t* cmd, uint16_t Size);
      |                              ~~~~~~~~~^~~~
../Core/Src/main.c:130:3: error: too many arguments to function 'EnviarCmd'
  130 |   EnviarCmd(writeRegister2, &status, 4);
      |   ^~~~~~~~~
../Core/Src/main.c:67:6: note: declared here
   67 | void EnviarCmd(uint8_t* cmd, uint16_t Size);
      |      ^~~~~~~~~
../Core/Src/main.c:122:11: warning: unused variable 'registeBuf' [-Wunused-variable]
  122 |   uint8_t registeBuf[2] = {0};
      |           ^~~~~~~~~~
../Core/Src/main.c:118:11: warning: unused variable 'MemoryRecall' [-Wunused-variable]
  118 |   uint8_t MemoryRecall = 0xD0;
      |           ^~~~~~~~~~~~
make: *** [Core/Src/subdir.mk:34: Core/Src/main.o] Error 1
"make -j8 all" terminated with exit code 2. Build might be incomplete.
11:21:13 **** Incremental Build of configuration Debug for project EuSouMelhorQueIsso ****
make -j8 all 
arm-none-eabi-gcc "../Core/Src/main.c" -mcpu=cortex-m0 -std=gnu11 -g3 -DDEBUG -DUSE_HAL_DRIVER -DSTM32F072xB -c -I../Core/Inc -I../Drivers/STM32F0xx_HAL_Driver/Inc -I../Drivers/STM32F0xx_HAL_Driver/Inc/Legacy -I../Drivers/CMSIS/Device/ST/STM32F0xx/Include -I../Drivers/CMSIS/Include -O0 -ffunction-sections -fdata-sections -Wall -fstack-usage -fcyclomatic-complexity -MMD -MP -MF"Core/Src/main.d" -MT"Core/Src/main.o" --specs=nano.specs -mfloat-abi=soft -mthumb -o "Core/Src/main.o"
../Core/Src/main.c: In function 'main':
../Core/Src/main.c:122:11: warning: unused variable 'registeBuf' [-Wunused-variable]
  122 |   uint8_t registeBuf[2] = {0};
      |           ^~~~~~~~~~
../Core/Src/main.c:118:11: warning: unused variable 'MemoryRecall' [-Wunused-variable]
  118 |   uint8_t MemoryRecall = 0xD0;
      |           ^~~~~~~~~~~~
arm-none-eabi-gcc -o "EuSouMelhorQueIsso.elf" @"objects.list"   -mcpu=cortex-m0 -T"C:\Users\pedro\STM32CubeIDE\workspace_1.13.1\EuSouMelhorQueIsso\STM32F072RBTX_FLASH.ld" --specs=nosys.specs -Wl,-Map="EuSouMelhorQueIsso.map" -Wl,--gc-sections -static --specs=nano.specs -mfloat-abi=soft -mthumb -Wl,--start-group -lc -lm -Wl,--end-group
Finished building target: EuSouMelhorQueIsso.elf
 
arm-none-eabi-size   EuSouMelhorQueIsso.elf 
arm-none-eabi-objdump -h -S  EuSouMelhorQueIsso.elf  > "EuSouMelhorQueIsso.list"
   text	   data	    bss	    dec	    hex	filename
  24192	    100	   3052	  27344	   6ad0	EuSouMelhorQueIsso.elf
Finished building: default.size.stdout
 
Finished building: EuSouMelhorQueIsso.list
 
11:23:43 **** Incremental Build of configuration Debug for project EuSouMelhorQueIsso ****
make -j8 all 
arm-none-eabi-size   EuSouMelhorQueIsso.elf 
   text	   data	    bss	    dec	    hex	filename
  24192	    100	   3052	  27344	   6ad0	EuSouMelhorQueIsso.elf
Finished building: default.size.stdout
 
11:24:54 **** Incremental Build of configuration Debug for project EuSouMelhorQueIsso ****
make -j8 all 
arm-none-eabi-gcc "../Core/Src/main.c" -mcpu=cortex-m0 -std=gnu11 -g3 -DDEBUG -DUSE_HAL_DRIVER -DSTM32F072xB -c -I../Core/Inc -I../Drivers/STM32F0xx_HAL_Driver/Inc -I../Drivers/STM32F0xx_HAL_Driver/Inc/Legacy -I../Drivers/CMSIS/Device/ST/STM32F0xx/Include -I../Drivers/CMSIS/Include -O0 -ffunction-sections -fdata-sections -Wall -fstack-usage -fcyclomatic-complexity -MMD -MP -MF"Core/Src/main.d" -MT"Core/Src/main.o" --specs=nano.specs -mfloat-abi=soft -mthumb -o "Core/Src/main.o"
../Core/Src/main.c: In function 'main':
../Core/Src/main.c:125:11: warning: unused variable 'writeRegister2' [-Wunused-variable]
  125 |   uint8_t writeRegister2[4] = {0x60, 0x02, 0xB4, 0x08};
      |           ^~~~~~~~~~~~~~
../Core/Src/main.c:124:11: warning: unused variable 'writeRegister1' [-Wunused-variable]
  124 |   uint8_t writeRegister1[4] = {0x60, 0x00, 0x5C, 0x00};
      |           ^~~~~~~~~~~~~~
../Core/Src/main.c:122:11: warning: unused variable 'registeBuf' [-Wunused-variable]
  122 |   uint8_t registeBuf[2] = {0};
      |           ^~~~~~~~~~
../Core/Src/main.c:118:11: warning: unused variable 'MemoryRecall' [-Wunused-variable]
  118 |   uint8_t MemoryRecall = 0xD0;
      |           ^~~~~~~~~~~~
arm-none-eabi-gcc -o "EuSouMelhorQueIsso.elf" @"objects.list"   -mcpu=cortex-m0 -T"C:\Users\pedro\STM32CubeIDE\workspace_1.13.1\EuSouMelhorQueIsso\STM32F072RBTX_FLASH.ld" --specs=nosys.specs -Wl,-Map="EuSouMelhorQueIsso.map" -Wl,--gc-sections -static --specs=nano.specs -mfloat-abi=soft -mthumb -Wl,--start-group -lc -lm -Wl,--end-group
Finished building target: EuSouMelhorQueIsso.elf
 
arm-none-eabi-size   EuSouMelhorQueIsso.elf 
arm-none-eabi-objdump -h -S  EuSouMelhorQueIsso.elf  > "EuSouMelhorQueIsso.list"
   text	   data	    bss	    dec	    hex	filename
  24172	    100	   3052	  27324	   6abc	EuSouMelhorQueIsso.elf
Finished building: default.size.stdout
 
Finished building: EuSouMelhorQueIsso.list
 
11:25:54 **** Incremental Build of configuration Debug for project EuSouMelhorQueIsso ****
make -j8 all 
arm-none-eabi-gcc "../Core/Src/main.c" -mcpu=cortex-m0 -std=gnu11 -g3 -DDEBUG -DUSE_HAL_DRIVER -DSTM32F072xB -c -I../Core/Inc -I../Drivers/STM32F0xx_HAL_Driver/Inc -I../Drivers/STM32F0xx_HAL_Driver/Inc/Legacy -I../Drivers/CMSIS/Device/ST/STM32F0xx/Include -I../Drivers/CMSIS/Include -O0 -ffunction-sections -fdata-sections -Wall -fstack-usage -fcyclomatic-complexity -MMD -MP -MF"Core/Src/main.d" -MT"Core/Src/main.o" --specs=nano.specs -mfloat-abi=soft -mthumb -o "Core/Src/main.o"
../Core/Src/main.c: In function 'main':
../Core/Src/main.c:122:11: warning: unused variable 'registeBuf' [-Wunused-variable]
  122 |   uint8_t registeBuf[2] = {0};
      |           ^~~~~~~~~~
../Core/Src/main.c:118:11: warning: unused variable 'MemoryRecall' [-Wunused-variable]
  118 |   uint8_t MemoryRecall = 0xD0;
      |           ^~~~~~~~~~~~
arm-none-eabi-gcc -o "EuSouMelhorQueIsso.elf" @"objects.list"   -mcpu=cortex-m0 -T"C:\Users\pedro\STM32CubeIDE\workspace_1.13.1\EuSouMelhorQueIsso\STM32F072RBTX_FLASH.ld" --specs=nosys.specs -Wl,-Map="EuSouMelhorQueIsso.map" -Wl,--gc-sections -static --specs=nano.specs -mfloat-abi=soft -mthumb -Wl,--start-group -lc -lm -Wl,--end-group
Finished building target: EuSouMelhorQueIsso.elf
 
arm-none-eabi-size   EuSouMelhorQueIsso.elf 
arm-none-eabi-objdump -h -S  EuSouMelhorQueIsso.elf  > "EuSouMelhorQueIsso.list"
   text	   data	    bss	    dec	    hex	filename
  24192	    100	   3052	  27344	   6ad0	EuSouMelhorQueIsso.elf
Finished building: default.size.stdout
 
Finished building: EuSouMelhorQueIsso.list
 
11:28:22 **** Incremental Build of configuration Debug for project EuSouMelhorQueIsso ****
make -j8 all 
arm-none-eabi-size   EuSouMelhorQueIsso.elf 
   text	   data	    bss	    dec	    hex	filename
  24192	    100	   3052	  27344	   6ad0	EuSouMelhorQueIsso.elf
Finished building: default.size.stdout
 
