13:42:39 **** Incremental Build of configuration Debug for project Multitarefas ****
make -j8 all 
arm-none-eabi-gcc "../Core/Src/main.c" -mcpu=cortex-m0 -std=gnu11 -g3 -DDEBUG -DUSE_HAL_DRIVER -DSTM32F072xB -c -I../Core/Inc -I../Drivers/STM32F0xx_HAL_Driver/Inc -I../Drivers/STM32F0xx_HAL_Driver/Inc/Legacy -I../Drivers/CMSIS/Device/ST/STM32F0xx/Include -I../Drivers/CMSIS/Include -I../Middlewares/Third_Party/FreeRTOS/Source/include -I../Middlewares/Third_Party/FreeRTOS/Source/CMSIS_RTOS_V2 -I../Middlewares/Third_Party/FreeRTOS/Source/portable/GCC/ARM_CM0 -O0 -ffunction-sections -fdata-sections -Wall -fstack-usage -fcyclomatic-complexity -MMD -MP -MF"Core/Src/main.d" -MT"Core/Src/main.o" --specs=nano.specs -mfloat-abi=soft -mthumb -o "Core/Src/main.o"
arm-none-eabi-gcc -o "Multitarefas.elf" @"objects.list"   -mcpu=cortex-m0 -T"C:\Users\pedro\STM32CubeIDE\workspace_1.13.1\Multitarefas\STM32F072RBTX_FLASH.ld" --specs=nosys.specs -Wl,-Map="Multitarefas.map" -Wl,--gc-sections -static --specs=nano.specs -mfloat-abi=soft -mthumb -Wl,--start-group -lc -lm -Wl,--end-group
Finished building target: Multitarefas.elf
 
arm-none-eabi-size   Multitarefas.elf 
arm-none-eabi-objdump -h -S  Multitarefas.elf  > "Multitarefas.list"
   text	   data	    bss	    dec	    hex	filename
  21568	     24	   9184	  30776	   7838	Multitarefas.elf
Finished building: default.size.stdout
 
Finished building: Multitarefas.list
 

13:42:40 Build Finished. 0 errors, 0 warnings. (took 1s.186ms)

