13:25:32 **** Incremental Build of configuration Debug for project Portelinha123 ****
make -j8 all 
arm-none-eabi-gcc "../Core/Src/main.c" -mcpu=cortex-m0 -std=gnu11 -g3 -DDEBUG -DUSE_HAL_DRIVER -DSTM32F072xB -c -I../Core/Inc -I../Drivers/STM32F0xx_HAL_Driver/Inc -I../Drivers/STM32F0xx_HAL_Driver/Inc/Legacy -I../Drivers/CMSIS/Device/ST/STM32F0xx/Include -I../Drivers/CMSIS/Include -O0 -ffunction-sections -fdata-sections -Wall -fstack-usage -fcyclomatic-complexity -MMD -MP -MF"Core/Src/main.d" -MT"Core/Src/main.o" --specs=nano.specs -mfloat-abi=soft -mthumb -o "Core/Src/main.o"
arm-none-eabi-gcc -o "Portelinha123.elf" @"objects.list"   -mcpu=cortex-m0 -T"C:\Users\pedro\STM32CubeIDE\workspace_1.13.1\Portelinha123\STM32F072RBTX_FLASH.ld" --specs=nosys.specs -Wl,-Map="Portelinha123.map" -Wl,--gc-sections -static --specs=nano.specs -mfloat-abi=soft -mthumb -Wl,--start-group -lc -lm -Wl,--end-group
Finished building target: Portelinha123.elf
 
arm-none-eabi-size   Portelinha123.elf 
arm-none-eabi-objdump -h -S  Portelinha123.elf  > "Portelinha123.list"
   text	   data	    bss	    dec	    hex	filename
   9116	     20	   2580	  11716	   2dc4	Portelinha123.elf
Finished building: default.size.stdout
 
Finished building: Portelinha123.list
 

13:25:34 Build Finished. 0 errors, 0 warnings. (took 1s.829ms)

