../Core/Src/main.c:81:5:main	168	static
../Core/Src/main.c:178:6:SystemClock_Config	112	static
../Core/Src/main.c:226:13:MX_I2C2_Init	8	static
../Core/Src/main.c:274:13:MX_SPI2_Init	8	static
../Core/Src/main.c:314:13:MX_TSC_Init	8	static
../Core/Src/main.c:357:13:MX_USART4_UART_Init	8	static
../Core/Src/main.c:392:13:MX_USB_PCD_Init	8	static
../Core/Src/main.c:424:13:MX_GPIO_Init	48	static
../Core/Src/main.c:476:6:EnviarCmd	24	static
../Core/Src/main.c:490:6:LerCmd	32	static
../Core/Src/main.c:503:6:READ_REGISTER	32	static
../Core/Src/main.c:519:6:Error_Handler	8	static,ignoring_inline_asm
